Archive member included because of file (symbol)

D:/CrossWorks/ARM/lib/libm_v7m_t_le.a(__uint32_to_float32.o)
                              THUMB Debug/uart_port.o (__floatunsisf)
D:/CrossWorks/ARM/lib/libm_v7m_t_le.a(__uint32_to_float64.o)
                              THUMB Debug/system_port.o (__floatunsidf)
D:/CrossWorks/ARM/lib/libm_v7m_t_le.a(__float64_to_uint32.o)
                              THUMB Debug/system_port.o (__fixunsdfsi)
D:/CrossWorks/ARM/lib/libm_v7m_t_le.a(__float32_to_float64.o)
                              THUMB Debug/uart_port.o (__extendsfdf2)
D:/CrossWorks/ARM/lib/libm_v7m_t_le.a(__float64_to_float32.o)
                              THUMB Debug/uart_port.o (__truncdfsf2)
D:/CrossWorks/ARM/lib/libm_v7m_t_le.a(__float64_add.o)
                              THUMB Debug/system_port.o (__adddf3)
D:/CrossWorks/ARM/lib/libm_v7m_t_le.a(__float64_mul.o)
                              THUMB Debug/uart_port.o (__muldf3)
D:/CrossWorks/ARM/lib/libm_v7m_t_le.a(__float64_div.o)
                              THUMB Debug/uart_port.o (__divdf3)
D:/CrossWorks/ARM/lib/libm_v7m_t_le.a(pow.o)
                              THUMB Debug/system_port.o (pow)
D:/CrossWorks/ARM/lib/libm_v7m_t_le.a(__int32_to_float32.o)
                              D:/CrossWorks/ARM/lib/libm_v7m_t_le.a(__uint32_to_float32.o) (__int32_to_float32_common)
D:/CrossWorks/ARM/lib/libm_v7m_t_le.a(__int32_to_float64.o)
                              D:/CrossWorks/ARM/lib/libm_v7m_t_le.a(pow.o) (__floatsidf)
D:/CrossWorks/ARM/lib/libm_v7m_t_le.a(__float64_to_int32.o)
                              D:/CrossWorks/ARM/lib/libm_v7m_t_le.a(pow.o) (__fixdfsi)
D:/CrossWorks/ARM/lib/libm_v7m_t_le.a(__float64_cmp.o)
                              D:/CrossWorks/ARM/lib/libm_v7m_t_le.a(pow.o) (__eqdf2)
D:/CrossWorks/ARM/lib/libm_v7m_t_le.a(fabs.o)
                              D:/CrossWorks/ARM/lib/libm_v7m_t_le.a(pow.o) (fabs)
D:/CrossWorks/ARM/lib/libm_v7m_t_le.a(__float64_infinity.o)
                              D:/CrossWorks/ARM/lib/libm_v7m_t_le.a(pow.o) (__float64_infinity)
D:/CrossWorks/ARM/lib/libm_v7m_t_le.a(exp.o)
                              D:/CrossWorks/ARM/lib/libm_v7m_t_le.a(pow.o) (exp)
D:/CrossWorks/ARM/lib/libm_v7m_t_le.a(ldexp.o)
                              D:/CrossWorks/ARM/lib/libm_v7m_t_le.a(exp.o) (ldexp)
D:/CrossWorks/ARM/lib/libm_v7m_t_le.a(log.o)
                              D:/CrossWorks/ARM/lib/libm_v7m_t_le.a(pow.o) (log)
D:/CrossWorks/ARM/lib/libm_v7m_t_le.a(__float64_isnan.o)
                              D:/CrossWorks/ARM/lib/libm_v7m_t_le.a(log.o) (__float64_isnan)
D:/CrossWorks/ARM/lib/libm_v7m_t_le.a(__float64_nan.o)
                              D:/CrossWorks/ARM/lib/libm_v7m_t_le.a(log.o) (__float64_nan)
D:/CrossWorks/ARM/lib/libm_v7m_t_le.a(__poly1_eval.o)
                              D:/CrossWorks/ARM/lib/libm_v7m_t_le.a(log.o) (__poly1_eval)
D:/CrossWorks/ARM/lib/libm_v7m_t_le.a(__poly_eval.o)
                              D:/CrossWorks/ARM/lib/libm_v7m_t_le.a(log.o) (__poly_eval)
D:/CrossWorks/ARM/lib/libm_v7m_t_le.a(frexp.o)
                              D:/CrossWorks/ARM/lib/libm_v7m_t_le.a(log.o) (frexp)
D:/CrossWorks/ARM/lib/libc_v7m_t_le.a(memcpy.o)
                              THUMB Debug/queue.o (memcpy)
D:/CrossWorks/ARM/lib/libc_v7m_t_le.a(memset.o)
                              THUMB Debug/tasks.o (memset)
D:/CrossWorks/ARM/lib/libc_v7m_t_le.a(strcat.o)
                              THUMB Debug/tasks.o (strcat)
D:/CrossWorks/ARM/lib/libc_v7m_t_le.a(strncpy.o)
                              THUMB Debug/tasks.o (strncpy)
D:/CrossWorks/ARM/lib/libc_v7m_t_le.a(sprintf.o)
                              THUMB Debug/tasks.o (sprintf)
D:/CrossWorks/ARM/lib/libdebugio_v7m_t_le.a(debug_printf.o)
                              THUMB Debug/main.o (debug_printf)
D:/CrossWorks/ARM/lib/lib_vfprintf_double_long_long_v7m_t_le.a(__vfprintf_double_long_long.o)
                              D:/CrossWorks/ARM/lib/libc_v7m_t_le.a(sprintf.o) (__vfprintf)
D:/CrossWorks/ARM/lib/libc_user_libc_v7m_t_le.a(user_libc.o)
                              D:/CrossWorks/ARM/lib/libm_v7m_t_le.a(pow.o) (__errno)
D:/CrossWorks/ARM/lib/libdebugio_mempoll_v7m_t_le.a(mempoll_debug_operations.o)
                              D:/CrossWorks/ARM/lib/libdebugio_v7m_t_le.a(debug_printf.o) (__do_debug_operation)
D:/CrossWorks/ARM/lib/libm_v7m_t_le.a(__uint64_to_float64.o)
                              D:/CrossWorks/ARM/lib/lib_vfprintf_double_long_long_v7m_t_le.a(__vfprintf_double_long_long.o) (__floatundidf)
D:/CrossWorks/ARM/lib/libm_v7m_t_le.a(__float64_to_uint64.o)
                              D:/CrossWorks/ARM/lib/lib_vfprintf_double_long_long_v7m_t_le.a(__vfprintf_double_long_long.o) (__fixunsdfdi)
D:/CrossWorks/ARM/lib/libm_v7m_t_le.a(__float64_isinf.o)
                              D:/CrossWorks/ARM/lib/lib_vfprintf_double_long_long_v7m_t_le.a(__vfprintf_double_long_long.o) (__float64_isinf)
D:/CrossWorks/ARM/lib/libm_v7m_t_le.a(__int64_to_float64.o)
                              D:/CrossWorks/ARM/lib/libm_v7m_t_le.a(__uint64_to_float64.o) (__int64_to_float64_common)
D:/CrossWorks/ARM/lib/libc_v7m_t_le.a(__int64_umod.o)
                              D:/CrossWorks/ARM/lib/lib_vfprintf_double_long_long_v7m_t_le.a(__vfprintf_double_long_long.o) (__umoddi3)
D:/CrossWorks/ARM/lib/libc_v7m_t_le.a(__int64_udivmod.o)
                              D:/CrossWorks/ARM/lib/lib_vfprintf_double_long_long_v7m_t_le.a(__vfprintf_double_long_long.o) (__udivdi3)
D:/CrossWorks/ARM/lib/libc_v7m_t_le.a(strlen.o)
                              D:/CrossWorks/ARM/lib/lib_vfprintf_double_long_long_v7m_t_le.a(__vfprintf_double_long_long.o) (strlen)
D:/CrossWorks/ARM/lib/libc_v7m_t_le.a(abs.o)
                              D:/CrossWorks/ARM/lib/lib_vfprintf_double_long_long_v7m_t_le.a(__vfprintf_double_long_long.o) (abs)
D:/CrossWorks/ARM/lib/libc_v7m_t_le.a(__pow10.o)
                              D:/CrossWorks/ARM/lib/lib_vfprintf_double_long_long_v7m_t_le.a(__vfprintf_double_long_long.o) (__pow10)
D:/CrossWorks/ARM/lib/libc_v7m_t_le.a(__hex_lc_uc.o)
                              D:/CrossWorks/ARM/lib/lib_vfprintf_double_long_long_v7m_t_le.a(__vfprintf_double_long_long.o) (__hex_uc)

Allocating common symbols
Common symbol       size              file

__format_extender   0x4               D:/CrossWorks/ARM/lib/lib_vfprintf_double_long_long_v7m_t_le.a(__vfprintf_double_long_long.o)
xQueueRegistry      0x50              THUMB Debug/queue.o
dbgCntrlWord_mempoll
                    0x4               D:/CrossWorks/ARM/lib/libdebugio_mempoll_v7m_t_le.a(mempoll_debug_operations.o)
dbgCommWord         0x4               D:/CrossWorks/ARM/lib/libdebugio_mempoll_v7m_t_le.a(mempoll_debug_operations.o)

Memory Configuration

Name             Origin             Length             Attributes
UNPLACED_SECTIONS 0xffffffff         0x00000000         xw
CM3_System_Control_Space 0xe000e000         0x00001000         xw
Peripherals      0x40020000         0x00100000         xw
FiRM_Peripherals 0x40000000         0x00010000         xw
SRAM             0x20000000         0x00010000         xw
FLASH            0x00000000         0x00040000         xr
*default*        0x00000000         0xffffffff

Linker script and memory map

                0xe000e000                __CM3_System_Control_Space_segment_start__ = 0xe000e000
                0xe000f000                __CM3_System_Control_Space_segment_end__ = 0xe000f000
                0x40020000                __Peripherals_segment_start__ = 0x40020000
                0x40120000                __Peripherals_segment_end__ = 0x40120000
                0x40000000                __FiRM_Peripherals_segment_start__ = 0x40000000
                0x40010000                __FiRM_Peripherals_segment_end__ = 0x40010000
                0x20000000                __SRAM_segment_start__ = 0x20000000
                0x20010000                __SRAM_segment_end__ = 0x20010000
                0x00000000                __FLASH_segment_start__ = 0x0
                0x00040000                __FLASH_segment_end__ = 0x40000
                0x00000080                __STACKSIZE__ = 0x80
                0x00000000                __STACKSIZE_PROCESS__ = 0x0
                0x00000000                __STACKSIZE_IRQ__ = 0x0
                0x00000000                __STACKSIZE_FIQ__ = 0x0
                0x00000000                __STACKSIZE_SVC__ = 0x0
                0x00000000                __STACKSIZE_ABT__ = 0x0
                0x00000000                __STACKSIZE_UND__ = 0x0
                0x00000080                __HEAPSIZE__ = 0x80
                0x20000000                __vectors_ram_load_start__ = (__SRAM_segment_start__ ALIGN 0x100)

.vectors_ram    0x20000000        0x0
                0x20000000                __vectors_ram_start__ = .
 *(.vectors_ram)
                0x20000000                __vectors_ram_end__ = (__vectors_ram_start__ + SIZEOF (.vectors_ram))
                0x00000001                . = ASSERT (((__vectors_ram_end__ >= __SRAM_segment_start__) && (__vectors_ram_end__ <= (__SRAM_segment_start__ + 0x10000))), error: .vectors_ram is too large to fit in SRAM memory segment)
                0x00000000                __vectors_load_start__ = (__FLASH_segment_start__ ALIGN 0x100)

.vectors        0x00000000      0x100
                0x00000000                __vectors_start__ = .
 *(.vectors .vectors.*)
 .vectors       0x00000000      0x100 THUMB Debug/LM3S_Startup.o
                0x00000000                _vectors
                0x00000100                __vectors_end__ = (__vectors_start__ + SIZEOF (.vectors))
                0x00000001                . = ASSERT (((__vectors_end__ >= __FLASH_segment_start__) && (__vectors_end__ <= (__FLASH_segment_start__ + 0x40000))), error: .vectors is too large to fit in FLASH memory segment)
                0x00000100                __init_load_start__ = (__vectors_end__ ALIGN 0x4)

.init           0x00000100      0x170
                0x00000100                __init_start__ = .
 *(.init .init.*)
 .init          0x00000100       0x70 THUMB Debug/LM3S_Startup.o
                0x00000100                reset_handler
                0x00000102                Nmi_ISR
                0x00000104                Fault_ISR
                0x00000106                MPU_Fault_ISR
                0x00000108                SVCall_ISR
                0x0000010a                SysTick_ISR
                0x0000010c                PendSV_ISR
                0x0000010e                GPIO_Port_A_ISR
                0x00000110                GPIO_Port_B_ISR
                0x00000112                GPIO_Port_C_ISR
                0x00000114                GPIO_Port_D_ISR
                0x00000116                GPIO_Port_E_ISR
                0x00000118                UART0_ISR
                0x0000011a                UART1_ISR
                0x0000011c                SSI_ISR
                0x0000011e                I2C_ISR
                0x00000120                PWM_Fault_ISR
                0x00000122                PWM_Generator_0_ISR
                0x00000124                PWM_Generator_1_ISR
                0x00000126                PWM_Generator_2_ISR
                0x00000128                QEI_ISR
                0x0000012a                ADC_Sequence_0_ISR
                0x0000012c                ADC_Sequence_1_ISR
                0x0000012e                ADC_Sequence_2_ISR
                0x00000130                ADC_Sequence_3_ISR
                0x00000132                Watchdog_Timer_ISR
                0x00000134                Timer0A_ISR
                0x00000136                Timer0B_ISR
                0x00000138                Timer1A_ISR
                0x0000013a                Timer1B_ISR
                0x0000013c                Timer2A_ISR
                0x0000013e                Timer2B_ISR
                0x00000140                Analog_Comparator_0_ISR
                0x00000142                Analog_Comparator_1_ISR
                0x00000144                Analog_Comparator_2_ISR
                0x00000146                System_Control_ISR
                0x00000148                FLASH_Control_ISR
                0x0000014a                GPIO_Port_F_ISR
                0x0000014c                GPIO_Port_G_ISR
                0x0000014e                GPIO_Port_H_ISR
                0x00000150                UART2_ISR
                0x00000152                SSI1_ISR
                0x00000154                Timer3A_ISR
                0x00000156                Timer3B_ISR
                0x00000158                I2C1_ISR
                0x0000015a                QEI1_ISR
                0x0000015c                CAN0_ISR
                0x0000015e                CAN1_ISR
                0x00000160                CAN2_ISR
                0x00000162                ETHERNET_ISR
                0x00000164                HIBERNATE_ISR
                0x00000166                USB0_ISR
                0x00000168                PWM_Generator_3_ISR
                0x0000016a                uDMA_Software_Transfer_ISR
                0x0000016c                uDMA_Error_ISR
                0x0000016e                reset_wait
 .init          0x00000170      0x100 THUMB Debug/thumb_crt0.o
                0x00000170                _start
                0x00000270                __init_end__ = (__init_start__ + SIZEOF (.init))
                0x00000001                . = ASSERT (((__init_end__ >= __FLASH_segment_start__) && (__init_end__ <= (__FLASH_segment_start__ + 0x40000))), error: .init is too large to fit in FLASH memory segment)
                0x00000270                __text_load_start__ = (__init_end__ ALIGN 0x4)

.text           0x00000270     0x4f70
                0x00000270                __text_start__ = .
 *(.text .text.* .glue_7t .glue_7 .gnu.linkonce.t.* .gcc_except_table)
 .glue_7        0x00000000        0x0 linker stubs
 .glue_7t       0x00000000        0x0 linker stubs
 .text          0x00000270       0x58 THUMB Debug/main.o
                0x00000270                main
 .text          0x000002c8       0x8c THUMB Debug/test.o
                0x000002c8                vTaskCode
                0x000002f4                vStartTestTask
 .text          0x00000354      0x47c THUMB Debug/system_port.o
                0x00000354                SystemInit
                0x00000360                SystemClockInit
                0x00000470                SystemUpdateClkVars
                0x00000674                getOscClk
 .text          0x000007d0        0x0 THUMB Debug/debug.o
 .text          0x000007d0      0x118 THUMB Debug/uart_port.o
                0x000007d0                UARTPort_Init
 .text          0x000008e8        0x0 THUMB Debug/LM3S_Startup.o
 .text          0x000008e8        0x0 THUMB Debug/thumb_crt0.o
 .text          0x000008e8      0x17c THUMB Debug/list.o
                0x000008e8                vListInitialise
                0x00000930                vListInitialiseItem
                0x0000094c                vListInsertEnd
                0x0000099c                vListInsert
                0x00000a10                vListRemove
 .text          0x00000a64      0x98c THUMB Debug/queue.o
                0x00000a64                xQueueCreate
                0x00000b30                xQueueCreateMutex
                0x00000bc8                xQueueGiveMutexRecursive
                0x00000c20                xQueueTakeMutexRecursive
                0x00000c80                xQueueGenericSend
                0x00000da0                xQueueGenericSendFromISR
                0x00000e38                xQueueGenericReceive
                0x00000fc8                xQueueReceiveFromISR
                0x00001064                uxQueueMessagesWaiting
                0x00001088                uxQueueMessagesWaitingFromISR
                0x000010a4                vQueueDelete
                0x000012b4                xQueueIsQueueEmptyFromISR
                0x00001308                xQueueIsQueueFullFromISR
                0x00001330                vQueueAddToRegistry
 .text          0x000013f0     0x16f4 THUMB Debug/tasks.o
                0x000013f0                xTaskGenericCreate
                0x000015b0                vTaskDelete
                0x00001670                vTaskDelayUntil
                0x00001784                vTaskDelay
                0x0000183c                uxTaskPriorityGet
                0x00001874                vTaskPrioritySet
                0x000019a4                vTaskSuspend
                0x00001a58                xTaskIsTaskSuspended
                0x00001aa8                vTaskResume
                0x00001b54                xTaskResumeFromISR
                0x00001c14                vTaskStartScheduler
                0x00001c8c                vTaskEndScheduler
                0x00001cb0                vTaskSuspendAll
                0x00001cd4                xTaskResumeAll
                0x00001e34                xTaskGetTickCount
                0x00001e5c                xTaskGetTickCountFromISR
                0x00001e74                uxTaskGetNumberOfTasks
                0x00001e8c                vTaskList
                0x00001fac                vTaskStartTrace
                0x00002000                ulTaskEndTrace
                0x00002044                vTaskIncrementTick
                0x00002180                vTaskSwitchContext
                0x00002314                vTaskPlaceOnEventList
                0x000023e8                xTaskRemoveFromEventList
                0x000024bc                vTaskSetTimeOutState
                0x000024ec                xTaskCheckForTimeOut
                0x00002594                vTaskMissedYield
                0x00002900                uxTaskGetStackHighWaterMark
                0x0000295c                xTaskGetCurrentTaskHandle
                0x0000297c                vTaskPriorityInherit
                0x00002a54                vTaskPriorityDisinherit
 .text          0x00002ae4      0x264 THUMB Debug/heap_2.o
                0x00002ae4                pvPortMalloc
                0x00002c9c                vPortFree
                0x00002d24                xPortGetFreeHeapSize
                0x00002d3c                vPortInitialiseBlocks
 .text          0x00002d48      0x208 THUMB Debug/port.o
                0x00002d48                pxPortInitialiseStack
                0x00002da8                vPortSVCHandler
                0x00002dc8                vPortStartFirstTask
                0x00002dd4                xPortStartScheduler
                0x00002e28                vPortEndScheduler
                0x00002e34                vPortYieldFromISR
                0x00002e4c                vPortEnterCritical
                0x00002e78                vPortExitCritical
                0x00002eb0                xPortPendSVHandler
                0x00002eec                xPortSysTickHandler
 .text          0x00002f50        0x0 THUMB Debug/core_cm3.o
 .text          0x00002f50        0x0 D:/CrossWorks/ARM/lib/libm_v7m_t_le.a(__uint32_to_float32.o)
 .text.libc     0x00002f50       0x10 D:/CrossWorks/ARM/lib/libm_v7m_t_le.a(__uint32_to_float32.o)
                0x00002f50                __floatunsisf
                0x00002f50                __uint32_to_float32
 .text          0x00002f60        0x0 D:/CrossWorks/ARM/lib/libm_v7m_t_le.a(__uint32_to_float64.o)
 .text.libc     0x00002f60       0x24 D:/CrossWorks/ARM/lib/libm_v7m_t_le.a(__uint32_to_float64.o)
                0x00002f60                __floatunsidf
                0x00002f60                __uint32_to_float64
 .text          0x00002f84        0x0 D:/CrossWorks/ARM/lib/libm_v7m_t_le.a(__float64_to_uint32.o)
 .text.libc     0x00002f84       0x2c D:/CrossWorks/ARM/lib/libm_v7m_t_le.a(__float64_to_uint32.o)
                0x00002f84                __float64_to_uint32
                0x00002f84                __fixunsdfsi
 .text          0x00002fb0        0x0 D:/CrossWorks/ARM/lib/libm_v7m_t_le.a(__float32_to_float64.o)
 .text.libc     0x00002fb0       0x38 D:/CrossWorks/ARM/lib/libm_v7m_t_le.a(__float32_to_float64.o)
                0x00002fb0                __float32_to_float64
                0x00002fb0                __extendsfdf2
 .text          0x00002fe8        0x0 D:/CrossWorks/ARM/lib/libm_v7m_t_le.a(__float64_to_float32.o)
 .text.libc     0x00002fe8       0x70 D:/CrossWorks/ARM/lib/libm_v7m_t_le.a(__float64_to_float32.o)
                0x00002fe8                __float64_to_float32
                0x00002fe8                __truncdfsf2
 .text          0x00003058        0x0 D:/CrossWorks/ARM/lib/libm_v7m_t_le.a(__float64_add.o)
 .text.libc     0x00003058      0x294 D:/CrossWorks/ARM/lib/libm_v7m_t_le.a(__float64_add.o)
                0x00003058                __aeabi_frsub
                0x00003060                __aeabi_fsub
                0x00003060                __float64_sub
                0x00003060                __subdf3
                0x00003064                __float64_add
                0x00003064                __adddf3
                0x00003064                __aeabi_fadd
 .text          0x000032ec        0x0 D:/CrossWorks/ARM/lib/libm_v7m_t_le.a(__float64_mul.o)
 .text.libc     0x000032ec      0x170 D:/CrossWorks/ARM/lib/libm_v7m_t_le.a(__float64_mul.o)
                0x000032ec                __muldf3
                0x000032ec                __float64_mul
 .text          0x0000345c        0x0 D:/CrossWorks/ARM/lib/libm_v7m_t_le.a(__float64_div.o)
 .text.libc     0x0000345c      0x214 D:/CrossWorks/ARM/lib/libm_v7m_t_le.a(__float64_div.o)
                0x0000345c                __divdf3
                0x0000345c                __float64_div
                0x0000345c                __aeabi_ddiv
 .text          0x00003670        0x0 D:/CrossWorks/ARM/lib/libm_v7m_t_le.a(pow.o)
 .text.libc     0x00003670      0x118 D:/CrossWorks/ARM/lib/libm_v7m_t_le.a(pow.o)
                0x00003670                pow
 .text          0x00003788        0x0 D:/CrossWorks/ARM/lib/libm_v7m_t_le.a(__int32_to_float32.o)
 .text.libc     0x00003788       0x30 D:/CrossWorks/ARM/lib/libm_v7m_t_le.a(__int32_to_float32.o)
                0x00003788                __floatsisf
                0x00003788                __int32_to_float32
                0x00003798                __int32_to_float32_common
 .text          0x000037b8        0x0 D:/CrossWorks/ARM/lib/libm_v7m_t_le.a(__int32_to_float64.o)
 .text.libc     0x000037b8       0x30 D:/CrossWorks/ARM/lib/libm_v7m_t_le.a(__int32_to_float64.o)
                0x000037b8                __int32_to_float64
                0x000037b8                __floatsidf
 .text          0x000037e8        0x0 D:/CrossWorks/ARM/lib/libm_v7m_t_le.a(__float64_to_int32.o)
 .text.libc     0x000037e8       0x50 D:/CrossWorks/ARM/lib/libm_v7m_t_le.a(__float64_to_int32.o)
                0x000037e8                __float64_to_int32
                0x000037e8                __fixdfsi
 .text          0x00003838        0x0 D:/CrossWorks/ARM/lib/libm_v7m_t_le.a(__float64_cmp.o)
 .text.libc     0x00003838       0x64 D:/CrossWorks/ARM/lib/libm_v7m_t_le.a(__float64_cmp.o)
                0x00003838                __eqdf2
                0x00003838                __gtdf2
                0x00003838                __ltdf2
                0x00003838                __ledf2
                0x00003838                __nedf2
                0x00003838                __gedf2
                0x00003838                __cmpdf2
 .text          0x0000389c        0x0 D:/CrossWorks/ARM/lib/libm_v7m_t_le.a(fabs.o)
 .text.libc     0x0000389c        0x8 D:/CrossWorks/ARM/lib/libm_v7m_t_le.a(fabs.o)
                0x0000389c                fabs
 .text          0x000038a4        0x0 D:/CrossWorks/ARM/lib/libm_v7m_t_le.a(__float64_infinity.o)
 .text.libc     0x000038a4        0x0 D:/CrossWorks/ARM/lib/libm_v7m_t_le.a(__float64_infinity.o)
 .text          0x000038a4        0x0 D:/CrossWorks/ARM/lib/libm_v7m_t_le.a(exp.o)
 .text.libc     0x000038a4      0x1c4 D:/CrossWorks/ARM/lib/libm_v7m_t_le.a(exp.o)
                0x000038a4                exp
 .text          0x00003a68        0x0 D:/CrossWorks/ARM/lib/libm_v7m_t_le.a(ldexp.o)
 .text.libc     0x00003a68       0x50 D:/CrossWorks/ARM/lib/libm_v7m_t_le.a(ldexp.o)
                0x00003a68                ldexp
 .text          0x00003ab8        0x0 D:/CrossWorks/ARM/lib/libm_v7m_t_le.a(log.o)
 .text.libc     0x00003ab8      0x1c4 D:/CrossWorks/ARM/lib/libm_v7m_t_le.a(log.o)
                0x00003ab8                log
 .text          0x00003c7c        0x0 D:/CrossWorks/ARM/lib/libm_v7m_t_le.a(__float64_isnan.o)
 .text.libc     0x00003c7c       0x14 D:/CrossWorks/ARM/lib/libm_v7m_t_le.a(__float64_isnan.o)
                0x00003c7c                __float64_isnan
 .text          0x00003c90        0x0 D:/CrossWorks/ARM/lib/libm_v7m_t_le.a(__float64_nan.o)
 .text.libc     0x00003c90        0x0 D:/CrossWorks/ARM/lib/libm_v7m_t_le.a(__float64_nan.o)
 .text          0x00003c90        0x0 D:/CrossWorks/ARM/lib/libm_v7m_t_le.a(__poly1_eval.o)
 .text.libc     0x00003c90       0x50 D:/CrossWorks/ARM/lib/libm_v7m_t_le.a(__poly1_eval.o)
                0x00003c90                __poly1_eval
 .text          0x00003ce0        0x0 D:/CrossWorks/ARM/lib/libm_v7m_t_le.a(__poly_eval.o)
 .text.libc     0x00003ce0       0x38 D:/CrossWorks/ARM/lib/libm_v7m_t_le.a(__poly_eval.o)
                0x00003ce0                __poly_eval
 .text          0x00003d18        0x0 D:/CrossWorks/ARM/lib/libm_v7m_t_le.a(frexp.o)
 .text.libc     0x00003d18       0x3c D:/CrossWorks/ARM/lib/libm_v7m_t_le.a(frexp.o)
                0x00003d18                frexp
 .text          0x00003d54        0x0 D:/CrossWorks/ARM/lib/libc_v7m_t_le.a(memcpy.o)
 .text.libc     0x00003d54       0x3c D:/CrossWorks/ARM/lib/libc_v7m_t_le.a(memcpy.o)
                0x00003d54                memcpy
 .text          0x00003d90        0x0 D:/CrossWorks/ARM/lib/libc_v7m_t_le.a(memset.o)
 .text.libc     0x00003d90       0x60 D:/CrossWorks/ARM/lib/libc_v7m_t_le.a(memset.o)
                0x00003d90                memset
 .text          0x00003df0        0x0 D:/CrossWorks/ARM/lib/libc_v7m_t_le.a(strcat.o)
 .text.libc     0x00003df0       0x28 D:/CrossWorks/ARM/lib/libc_v7m_t_le.a(strcat.o)
                0x00003df0                strcat
 .text          0x00003e18        0x0 D:/CrossWorks/ARM/lib/libc_v7m_t_le.a(strncpy.o)
 .text.libc     0x00003e18       0x4c D:/CrossWorks/ARM/lib/libc_v7m_t_le.a(strncpy.o)
                0x00003e18                strncpy
 .text          0x00003e64        0x0 D:/CrossWorks/ARM/lib/libc_v7m_t_le.a(sprintf.o)
 .text.libc     0x00003e64       0x2c D:/CrossWorks/ARM/lib/libc_v7m_t_le.a(sprintf.o)
                0x00003e64                sprintf
 .text          0x00003e90        0x0 D:/CrossWorks/ARM/lib/libdebugio_v7m_t_le.a(debug_printf.o)
 .text.libc     0x00003e90       0x18 D:/CrossWorks/ARM/lib/libdebugio_v7m_t_le.a(debug_printf.o)
                0x00003e90                debug_printf
 .text          0x00003ea8        0x0 D:/CrossWorks/ARM/lib/lib_vfprintf_double_long_long_v7m_t_le.a(__vfprintf_double_long_long.o)
 .text.libc     0x00003ea8     0x1074 D:/CrossWorks/ARM/lib/lib_vfprintf_double_long_long_v7m_t_le.a(__vfprintf_double_long_long.o)
                0x00003ea8                __putc
                0x00003ee0                __print_padding
                0x00003efc                __pre_padding
                0x00003f18                __vfprintf
 .text          0x00004f1c        0x0 D:/CrossWorks/ARM/lib/libc_user_libc_v7m_t_le.a(user_libc.o)
 .text.libc     0x00004f1c       0x2c D:/CrossWorks/ARM/lib/libc_user_libc_v7m_t_le.a(user_libc.o)
                0x00004f1c                __errno
                0x00004f28                __heap_lock
                0x00004f2c                __heap_unlock
                0x00004f30                __printf_lock
                0x00004f34                __printf_unlock
                0x00004f38                __scanf_lock
                0x00004f3c                __scanf_unlock
                0x00004f40                __debug_io_lock
                0x00004f44                __debug_io_unlock
 .text          0x00004f48        0x0 D:/CrossWorks/ARM/lib/libdebugio_mempoll_v7m_t_le.a(mempoll_debug_operations.o)
 .text.libdebugio_mempoll
                0x00004f48       0x38 D:/CrossWorks/ARM/lib/libdebugio_mempoll_v7m_t_le.a(mempoll_debug_operations.o)
                0x00004f48                __do_debug_operation
 .text          0x00004f80        0x0 D:/CrossWorks/ARM/lib/libm_v7m_t_le.a(__uint64_to_float64.o)
 .text.libc     0x00004f80       0x14 D:/CrossWorks/ARM/lib/libm_v7m_t_le.a(__uint64_to_float64.o)
                0x00004f80                __floatundidf
                0x00004f80                __uint64_to_float64
 .text          0x00004f94        0x0 D:/CrossWorks/ARM/lib/libm_v7m_t_le.a(__float64_to_uint64.o)
 .text.libc     0x00004f94       0x4c D:/CrossWorks/ARM/lib/libm_v7m_t_le.a(__float64_to_uint64.o)
                0x00004f94                __float64_to_uint64
                0x00004f94                __fixunsdfdi
 .text          0x00004fe0        0x0 D:/CrossWorks/ARM/lib/libm_v7m_t_le.a(__float64_isinf.o)
 .text.libc     0x00004fe0       0x14 D:/CrossWorks/ARM/lib/libm_v7m_t_le.a(__float64_isinf.o)
                0x00004fe0                __float64_isinf
 .text          0x00004ff4        0x0 D:/CrossWorks/ARM/lib/libm_v7m_t_le.a(__int64_to_float64.o)
 .text.libc     0x00004ff4       0xa0 D:/CrossWorks/ARM/lib/libm_v7m_t_le.a(__int64_to_float64.o)
                0x00004ff4                __int64_to_float64
                0x00004ff4                __floatdidf
                0x00005016                __int64_to_float64_common
 .text          0x00005094        0x0 D:/CrossWorks/ARM/lib/libc_v7m_t_le.a(__int64_umod.o)
 .text.libc     0x00005094        0xc D:/CrossWorks/ARM/lib/libc_v7m_t_le.a(__int64_umod.o)
                0x00005094                __umoddi3
                0x00005094                __int64_umod
 .text          0x000050a0        0x0 D:/CrossWorks/ARM/lib/libc_v7m_t_le.a(__int64_udivmod.o)
 .text.libc     0x000050a0       0x60 D:/CrossWorks/ARM/lib/libc_v7m_t_le.a(__int64_udivmod.o)
                0x000050a0                __int64_udiv
                0x000050a0                __udivdi3
                0x000050a0                __int64_udivmod
 .text          0x00005100        0x0 D:/CrossWorks/ARM/lib/libc_v7m_t_le.a(strlen.o)
 .text.libc     0x00005100       0x60 D:/CrossWorks/ARM/lib/libc_v7m_t_le.a(strlen.o)
                0x00005100                strlen
 .text          0x00005160        0x0 D:/CrossWorks/ARM/lib/libc_v7m_t_le.a(abs.o)
 .text.libc     0x00005160        0xc D:/CrossWorks/ARM/lib/libc_v7m_t_le.a(abs.o)
                0x00005160                abs
 .text          0x0000516c        0x0 D:/CrossWorks/ARM/lib/libc_v7m_t_le.a(__pow10.o)
 .text.libc     0x0000516c       0x74 D:/CrossWorks/ARM/lib/libc_v7m_t_le.a(__pow10.o)
                0x0000516c                __pow10
 .text          0x000051e0        0x0 D:/CrossWorks/ARM/lib/libc_v7m_t_le.a(__hex_lc_uc.o)
 .text.libc     0x000051e0        0x0 D:/CrossWorks/ARM/lib/libc_v7m_t_le.a(__hex_lc_uc.o)
                0x000051e0                __text_end__ = (__text_start__ + SIZEOF (.text))

.vfp11_veneer   0x00000000        0x0
 .vfp11_veneer  0x00000000        0x0 linker stubs

.v4_bx          0x00000000        0x0
 .v4_bx         0x00000000        0x0 linker stubs
                0x00000001                . = ASSERT (((__text_end__ >= __FLASH_segment_start__) && (__text_end__ <= (__FLASH_segment_start__ + 0x40000))), error: .text is too large to fit in FLASH memory segment)
                0x000051e0                __dtors_load_start__ = (__text_end__ ALIGN 0x4)

.dtors          0x000051e0        0x0
                0x000051e0                __dtors_start__ = .
 *(SORT(.dtors.*))
 *(.dtors)
                0x000051e0                __dtors_end__ = (__dtors_start__ + SIZEOF (.dtors))
                0x00000001                . = ASSERT (((__dtors_end__ >= __FLASH_segment_start__) && (__dtors_end__ <= (__FLASH_segment_start__ + 0x40000))), error: .dtors is too large to fit in FLASH memory segment)
                0x000051e0                __ctors_load_start__ = (__dtors_end__ ALIGN 0x4)

.ctors          0x000051e0        0x0
                0x000051e0                __ctors_start__ = .
 *(SORT(.ctors.*))
 *(.ctors)
                0x000051e0                __ctors_end__ = (__ctors_start__ + SIZEOF (.ctors))
                0x00000001                . = ASSERT (((__ctors_end__ >= __FLASH_segment_start__) && (__ctors_end__ <= (__FLASH_segment_start__ + 0x40000))), error: .ctors is too large to fit in FLASH memory segment)
                0x000051e0                __rodata_load_start__ = (__ctors_end__ ALIGN 0x4)

.rodata         0x000051e0      0x23c
                0x000051e0                __rodata_start__ = .
 *(.rodata .rodata.* .gnu.linkonce.r.*)
 .rodata        0x000051e0       0x70 THUMB Debug/main.o
 .rodata        0x00005250       0x3c THUMB Debug/test.o
 .rodata        0x0000528c       0x1c THUMB Debug/uart_port.o
 .rodata        0x000052a8       0x20 THUMB Debug/tasks.o
 .rodata        0x000052c8        0x2 THUMB Debug/heap_2.o
 *fill*         0x000052ca        0x2 00
 .rodata        0x000052cc        0x4 THUMB Debug/port.o
                0x000052cc                ulKernelPriority
 .rodata.libc   0x000052d0        0x8 D:/CrossWorks/ARM/lib/libm_v7m_t_le.a(__float64_infinity.o)
                0x000052d0                __float64_infinity
 .rodata.libc   0x000052d8       0x28 D:/CrossWorks/ARM/lib/libm_v7m_t_le.a(log.o)
 .rodata.libc   0x00005300        0x8 D:/CrossWorks/ARM/lib/libm_v7m_t_le.a(__float64_nan.o)
                0x00005300                __float64_nan
 .rodata.libc   0x00005308       0x98 D:/CrossWorks/ARM/lib/lib_vfprintf_double_long_long_v7m_t_le.a(__vfprintf_double_long_long.o)
 .rodata.libc.str1.4
                0x000053a0       0x14 D:/CrossWorks/ARM/lib/lib_vfprintf_double_long_long_v7m_t_le.a(__vfprintf_double_long_long.o)
 .rodata.libc   0x000053b4       0x48 D:/CrossWorks/ARM/lib/libc_v7m_t_le.a(__pow10.o)
 .rodata.libc   0x000053fc       0x20 D:/CrossWorks/ARM/lib/libc_v7m_t_le.a(__hex_lc_uc.o)
                0x000053fc                __hex_uc
                0x0000540c                __hex_lc
                0x0000541c                __rodata_end__ = (__rodata_start__ + SIZEOF (.rodata))
                0x00000001                . = ASSERT (((__rodata_end__ >= __FLASH_segment_start__) && (__rodata_end__ <= (__FLASH_segment_start__ + 0x40000))), error: .rodata is too large to fit in FLASH memory segment)
                0x0000541c                __data_load_start__ = (__rodata_end__ ALIGN 0x4)

.data           0x20000000       0x1c load address 0x0000541c
                0x20000000                __data_start__ = .
 *(.data .data.* .gnu.linkonce.d.*)
 .data          0x20000000        0x0 THUMB Debug/main.o
 .data          0x20000000        0x0 THUMB Debug/test.o
 .data          0x20000000       0x10 THUMB Debug/system_port.o
                0x20000000                SysP_SystemFrequency
                0x20000004                SysP_SystemFrequency_PwmClk
                0x20000008                SysP_SystemFrequency_AdcClk
                0x2000000c                SysP_SystemFrequency_CanClk
 .data          0x20000010        0x0 THUMB Debug/debug.o
 .data          0x20000010        0x0 THUMB Debug/uart_port.o
 .data          0x20000010        0x0 THUMB Debug/LM3S_Startup.o
 .data          0x20000010        0x0 THUMB Debug/thumb_crt0.o
 .data          0x20000010        0x0 THUMB Debug/list.o
 .data          0x20000010        0x0 THUMB Debug/queue.o
 .data          0x20000010        0x4 THUMB Debug/tasks.o
 .data          0x20000014        0x4 THUMB Debug/heap_2.o
 .data          0x20000018        0x4 THUMB Debug/port.o
 .data          0x2000001c        0x0 THUMB Debug/core_cm3.o
 .data          0x2000001c        0x0 D:/CrossWorks/ARM/lib/libm_v7m_t_le.a(__uint32_to_float32.o)
 .data          0x2000001c        0x0 D:/CrossWorks/ARM/lib/libm_v7m_t_le.a(__uint32_to_float64.o)
 .data          0x2000001c        0x0 D:/CrossWorks/ARM/lib/libm_v7m_t_le.a(__float64_to_uint32.o)
 .data          0x2000001c        0x0 D:/CrossWorks/ARM/lib/libm_v7m_t_le.a(__float32_to_float64.o)
 .data          0x2000001c        0x0 D:/CrossWorks/ARM/lib/libm_v7m_t_le.a(__float64_to_float32.o)
 .data          0x2000001c        0x0 D:/CrossWorks/ARM/lib/libm_v7m_t_le.a(__float64_add.o)
 .data          0x2000001c        0x0 D:/CrossWorks/ARM/lib/libm_v7m_t_le.a(__float64_mul.o)
 .data          0x2000001c        0x0 D:/CrossWorks/ARM/lib/libm_v7m_t_le.a(__float64_div.o)
 .data          0x2000001c        0x0 D:/CrossWorks/ARM/lib/libm_v7m_t_le.a(pow.o)
 .data          0x2000001c        0x0 D:/CrossWorks/ARM/lib/libm_v7m_t_le.a(__int32_to_float32.o)
 .data          0x2000001c        0x0 D:/CrossWorks/ARM/lib/libm_v7m_t_le.a(__int32_to_float64.o)
 .data          0x2000001c        0x0 D:/CrossWorks/ARM/lib/libm_v7m_t_le.a(__float64_to_int32.o)
 .data          0x2000001c        0x0 D:/CrossWorks/ARM/lib/libm_v7m_t_le.a(__float64_cmp.o)
 .data          0x2000001c        0x0 D:/CrossWorks/ARM/lib/libm_v7m_t_le.a(fabs.o)
 .data          0x2000001c        0x0 D:/CrossWorks/ARM/lib/libm_v7m_t_le.a(__float64_infinity.o)
 .data          0x2000001c        0x0 D:/CrossWorks/ARM/lib/libm_v7m_t_le.a(exp.o)
 .data          0x2000001c        0x0 D:/CrossWorks/ARM/lib/libm_v7m_t_le.a(ldexp.o)
 .data          0x2000001c        0x0 D:/CrossWorks/ARM/lib/libm_v7m_t_le.a(log.o)
 .data          0x2000001c        0x0 D:/CrossWorks/ARM/lib/libm_v7m_t_le.a(__float64_isnan.o)
 .data          0x2000001c        0x0 D:/CrossWorks/ARM/lib/libm_v7m_t_le.a(__float64_nan.o)
 .data          0x2000001c        0x0 D:/CrossWorks/ARM/lib/libm_v7m_t_le.a(__poly1_eval.o)
 .data          0x2000001c        0x0 D:/CrossWorks/ARM/lib/libm_v7m_t_le.a(__poly_eval.o)
 .data          0x2000001c        0x0 D:/CrossWorks/ARM/lib/libm_v7m_t_le.a(frexp.o)
 .data          0x2000001c        0x0 D:/CrossWorks/ARM/lib/libc_v7m_t_le.a(memcpy.o)
 .data          0x2000001c        0x0 D:/CrossWorks/ARM/lib/libc_v7m_t_le.a(memset.o)
 .data          0x2000001c        0x0 D:/CrossWorks/ARM/lib/libc_v7m_t_le.a(strcat.o)
 .data          0x2000001c        0x0 D:/CrossWorks/ARM/lib/libc_v7m_t_le.a(strncpy.o)
 .data          0x2000001c        0x0 D:/CrossWorks/ARM/lib/libc_v7m_t_le.a(sprintf.o)
 .data          0x2000001c        0x0 D:/CrossWorks/ARM/lib/libdebugio_v7m_t_le.a(debug_printf.o)
 .data          0x2000001c        0x0 D:/CrossWorks/ARM/lib/lib_vfprintf_double_long_long_v7m_t_le.a(__vfprintf_double_long_long.o)
 .data          0x2000001c        0x0 D:/CrossWorks/ARM/lib/libc_user_libc_v7m_t_le.a(user_libc.o)
 .data          0x2000001c        0x0 D:/CrossWorks/ARM/lib/libdebugio_mempoll_v7m_t_le.a(mempoll_debug_operations.o)
 .data          0x2000001c        0x0 D:/CrossWorks/ARM/lib/libm_v7m_t_le.a(__uint64_to_float64.o)
 .data          0x2000001c        0x0 D:/CrossWorks/ARM/lib/libm_v7m_t_le.a(__float64_to_uint64.o)
 .data          0x2000001c        0x0 D:/CrossWorks/ARM/lib/libm_v7m_t_le.a(__float64_isinf.o)
 .data          0x2000001c        0x0 D:/CrossWorks/ARM/lib/libm_v7m_t_le.a(__int64_to_float64.o)
 .data          0x2000001c        0x0 D:/CrossWorks/ARM/lib/libc_v7m_t_le.a(__int64_umod.o)
 .data          0x2000001c        0x0 D:/CrossWorks/ARM/lib/libc_v7m_t_le.a(__int64_udivmod.o)
 .data          0x2000001c        0x0 D:/CrossWorks/ARM/lib/libc_v7m_t_le.a(strlen.o)
 .data          0x2000001c        0x0 D:/CrossWorks/ARM/lib/libc_v7m_t_le.a(abs.o)
 .data          0x2000001c        0x0 D:/CrossWorks/ARM/lib/libc_v7m_t_le.a(__pow10.o)
 .data          0x2000001c        0x0 D:/CrossWorks/ARM/lib/libc_v7m_t_le.a(__hex_lc_uc.o)
                0x2000001c                __data_end__ = (__data_start__ + SIZEOF (.data))
                0x00005438                __data_load_end__ = (__data_load_start__ + SIZEOF (.data))
                0x00000001                . = ASSERT ((((__data_load_start__ + SIZEOF (.data)) >= __FLASH_segment_start__) && ((__data_load_start__ + SIZEOF (.data)) <= (__FLASH_segment_start__ + 0x40000))), error: .data is too large to fit in FLASH memory segment)

.data_run       0x20000000       0x1c
                0x20000000                __data_run_start__ = .
                0x2000001c                . = ((__data_run_start__ + SIZEOF (.data)) MAX .)
 *fill*         0x20000000       0x1c 00
                0x2000001c                __data_run_end__ = (__data_run_start__ + SIZEOF (.data_run))
                0x00000001                . = ASSERT (((__data_run_end__ >= __SRAM_segment_start__) && (__data_run_end__ <= (__SRAM_segment_start__ + 0x10000))), error: .data_run is too large to fit in SRAM memory segment)
                0x2000001c                __bss_load_start__ = (__data_run_end__ ALIGN 0x4)

.bss            0x2000001c     0x5f7c
                0x2000001c                __bss_start__ = .
 *(.bss .bss.* .gnu.linkonce.b.*)
 .bss           0x2000001c        0x0 THUMB Debug/main.o
 .bss           0x2000001c        0x1 THUMB Debug/test.o
 .bss           0x2000001d        0x0 THUMB Debug/system_port.o
 .bss           0x2000001d        0x0 THUMB Debug/debug.o
 .bss           0x2000001d        0x0 THUMB Debug/uart_port.o
 .bss           0x2000001d        0x0 THUMB Debug/LM3S_Startup.o
 .bss           0x2000001d        0x0 THUMB Debug/thumb_crt0.o
 .bss           0x2000001d        0x0 THUMB Debug/list.o
 .bss           0x2000001d        0x0 THUMB Debug/queue.o
 *fill*         0x2000001d        0x3 00
 .bss           0x20000020      0x144 THUMB Debug/tasks.o
                0x20000020                pxCurrentTCB
 .bss           0x20000164     0x5dd4 THUMB Debug/heap_2.o
 .bss           0x20005f38        0x0 THUMB Debug/port.o
 .bss           0x20005f38        0x0 THUMB Debug/core_cm3.o
 .bss           0x20005f38        0x0 D:/CrossWorks/ARM/lib/libm_v7m_t_le.a(__uint32_to_float32.o)
 .bss           0x20005f38        0x0 D:/CrossWorks/ARM/lib/libm_v7m_t_le.a(__uint32_to_float64.o)
 .bss           0x20005f38        0x0 D:/CrossWorks/ARM/lib/libm_v7m_t_le.a(__float64_to_uint32.o)
 .bss           0x20005f38        0x0 D:/CrossWorks/ARM/lib/libm_v7m_t_le.a(__float32_to_float64.o)
 .bss           0x20005f38        0x0 D:/CrossWorks/ARM/lib/libm_v7m_t_le.a(__float64_to_float32.o)
 .bss           0x20005f38        0x0 D:/CrossWorks/ARM/lib/libm_v7m_t_le.a(__float64_add.o)
 .bss           0x20005f38        0x0 D:/CrossWorks/ARM/lib/libm_v7m_t_le.a(__float64_mul.o)
 .bss           0x20005f38        0x0 D:/CrossWorks/ARM/lib/libm_v7m_t_le.a(__float64_div.o)
 .bss           0x20005f38        0x0 D:/CrossWorks/ARM/lib/libm_v7m_t_le.a(pow.o)
 .bss           0x20005f38        0x0 D:/CrossWorks/ARM/lib/libm_v7m_t_le.a(__int32_to_float32.o)
 .bss           0x20005f38        0x0 D:/CrossWorks/ARM/lib/libm_v7m_t_le.a(__int32_to_float64.o)
 .bss           0x20005f38        0x0 D:/CrossWorks/ARM/lib/libm_v7m_t_le.a(__float64_to_int32.o)
 .bss           0x20005f38        0x0 D:/CrossWorks/ARM/lib/libm_v7m_t_le.a(__float64_cmp.o)
 .bss           0x20005f38        0x0 D:/CrossWorks/ARM/lib/libm_v7m_t_le.a(fabs.o)
 .bss           0x20005f38        0x0 D:/CrossWorks/ARM/lib/libm_v7m_t_le.a(__float64_infinity.o)
 .bss           0x20005f38        0x0 D:/CrossWorks/ARM/lib/libm_v7m_t_le.a(exp.o)
 .bss           0x20005f38        0x0 D:/CrossWorks/ARM/lib/libm_v7m_t_le.a(ldexp.o)
 .bss           0x20005f38        0x0 D:/CrossWorks/ARM/lib/libm_v7m_t_le.a(log.o)
 .bss           0x20005f38        0x0 D:/CrossWorks/ARM/lib/libm_v7m_t_le.a(__float64_isnan.o)
 .bss           0x20005f38        0x0 D:/CrossWorks/ARM/lib/libm_v7m_t_le.a(__float64_nan.o)
 .bss           0x20005f38        0x0 D:/CrossWorks/ARM/lib/libm_v7m_t_le.a(__poly1_eval.o)
 .bss           0x20005f38        0x0 D:/CrossWorks/ARM/lib/libm_v7m_t_le.a(__poly_eval.o)
 .bss           0x20005f38        0x0 D:/CrossWorks/ARM/lib/libm_v7m_t_le.a(frexp.o)
 .bss           0x20005f38        0x0 D:/CrossWorks/ARM/lib/libc_v7m_t_le.a(memcpy.o)
 .bss           0x20005f38        0x0 D:/CrossWorks/ARM/lib/libc_v7m_t_le.a(memset.o)
 .bss           0x20005f38        0x0 D:/CrossWorks/ARM/lib/libc_v7m_t_le.a(strcat.o)
 .bss           0x20005f38        0x0 D:/CrossWorks/ARM/lib/libc_v7m_t_le.a(strncpy.o)
 .bss           0x20005f38        0x0 D:/CrossWorks/ARM/lib/libc_v7m_t_le.a(sprintf.o)
 .bss           0x20005f38        0x0 D:/CrossWorks/ARM/lib/libdebugio_v7m_t_le.a(debug_printf.o)
 .bss           0x20005f38        0x0 D:/CrossWorks/ARM/lib/lib_vfprintf_double_long_long_v7m_t_le.a(__vfprintf_double_long_long.o)
 .bss           0x20005f38        0x0 D:/CrossWorks/ARM/lib/libc_user_libc_v7m_t_le.a(user_libc.o)
 .bss.libc      0x20005f38        0x4 D:/CrossWorks/ARM/lib/libc_user_libc_v7m_t_le.a(user_libc.o)
 .bss           0x20005f3c        0x0 D:/CrossWorks/ARM/lib/libdebugio_mempoll_v7m_t_le.a(mempoll_debug_operations.o)
 .bss           0x20005f3c        0x0 D:/CrossWorks/ARM/lib/libm_v7m_t_le.a(__uint64_to_float64.o)
 .bss           0x20005f3c        0x0 D:/CrossWorks/ARM/lib/libm_v7m_t_le.a(__float64_to_uint64.o)
 .bss           0x20005f3c        0x0 D:/CrossWorks/ARM/lib/libm_v7m_t_le.a(__float64_isinf.o)
 .bss           0x20005f3c        0x0 D:/CrossWorks/ARM/lib/libm_v7m_t_le.a(__int64_to_float64.o)
 .bss           0x20005f3c        0x0 D:/CrossWorks/ARM/lib/libc_v7m_t_le.a(__int64_umod.o)
 .bss           0x20005f3c        0x0 D:/CrossWorks/ARM/lib/libc_v7m_t_le.a(__int64_udivmod.o)
 .bss           0x20005f3c        0x0 D:/CrossWorks/ARM/lib/libc_v7m_t_le.a(strlen.o)
 .bss           0x20005f3c        0x0 D:/CrossWorks/ARM/lib/libc_v7m_t_le.a(abs.o)
 .bss           0x20005f3c        0x0 D:/CrossWorks/ARM/lib/libc_v7m_t_le.a(__pow10.o)
 .bss           0x20005f3c        0x0 D:/CrossWorks/ARM/lib/libc_v7m_t_le.a(__hex_lc_uc.o)
 *(COMMON)
 COMMON         0x20005f3c       0x50 THUMB Debug/queue.o
                0x20005f3c                xQueueRegistry
 COMMON         0x20005f8c        0x4 D:/CrossWorks/ARM/lib/lib_vfprintf_double_long_long_v7m_t_le.a(__vfprintf_double_long_long.o)
                0x20005f8c                __format_extender
 COMMON         0x20005f90        0x8 D:/CrossWorks/ARM/lib/libdebugio_mempoll_v7m_t_le.a(mempoll_debug_operations.o)
                0x20005f90                dbgCntrlWord_mempoll
                0x20005f94                dbgCommWord
                0x20005f98                __bss_end__ = (__bss_start__ + SIZEOF (.bss))
                0x00000001                . = ASSERT (((__bss_end__ >= __SRAM_segment_start__) && (__bss_end__ <= (__SRAM_segment_start__ + 0x10000))), error: .bss is too large to fit in SRAM memory segment)
                0x20005f98                __non_init_load_start__ = (__bss_end__ ALIGN 0x4)

.non_init       0x20005f98        0x0
                0x20005f98                __non_init_start__ = .
 *(.non_init .non_init.*)
                0x20005f98                __non_init_end__ = (__non_init_start__ + SIZEOF (.non_init))
                0x00000001                . = ASSERT (((__non_init_end__ >= __SRAM_segment_start__) && (__non_init_end__ <= (__SRAM_segment_start__ + 0x10000))), error: .non_init is too large to fit in SRAM memory segment)
                0x20005f98                __heap_load_start__ = (__non_init_end__ ALIGN 0x4)

.heap           0x20005f98       0x80
                0x20005f98                __heap_start__ = .
 *(.heap)
 .heap          0x20005f98        0x0 THUMB Debug/thumb_crt0.o
                0x20006018                . = (((__heap_start__ + __HEAPSIZE__) MAX .) ALIGN 0x4)
 *fill*         0x20005f98       0x80 00
                0x20006018                __heap_end__ = (__heap_start__ + SIZEOF (.heap))
                0x00000001                . = ASSERT (((__heap_end__ >= __SRAM_segment_start__) && (__heap_end__ <= (__SRAM_segment_start__ + 0x10000))), error: .heap is too large to fit in SRAM memory segment)
                0x20006018                __stack_load_start__ = (__heap_end__ ALIGN 0x4)

.stack          0x20006018       0x80
                0x20006018                __stack_start__ = .
 *(.stack)
 .stack         0x20006018        0x0 THUMB Debug/thumb_crt0.o
                0x20006098                . = (((__stack_start__ + __STACKSIZE__) MAX .) ALIGN 0x4)
 *fill*         0x20006018       0x80 00
                0x20006098                __stack_end__ = (__stack_start__ + SIZEOF (.stack))
                0x00000001                . = ASSERT (((__stack_end__ >= __SRAM_segment_start__) && (__stack_end__ <= (__SRAM_segment_start__ + 0x10000))), error: .stack is too large to fit in SRAM memory segment)
                0x20006098                __stack_process_load_start__ = (__stack_end__ ALIGN 0x4)

.stack_process  0x20006098        0x0
                0x20006098                __stack_process_start__ = .
 *(.stack_process)
 .stack_process
                0x20006098        0x0 THUMB Debug/thumb_crt0.o
                0x2000609c                . = (((__stack_process_start__ + __STACKSIZE_PROCESS__) MAX .) ALIGN 0x4)
                0x20006098                __stack_process_end__ = (__stack_process_start__ + SIZEOF (.stack_process))
                0x00000001                . = ASSERT (((__stack_process_end__ >= __SRAM_segment_start__) && (__stack_process_end__ <= (__SRAM_segment_start__ + 0x10000))), error: .stack_process is too large to fit in SRAM memory segment)
                0x00005438                __fast_load_start__ = ((__data_load_start__ + SIZEOF (.data)) ALIGN 0x4)

.fast           0x20006098        0x0 load address 0x00005438
                0x20006098                __fast_start__ = .
 *(.fast .fast.*)
                0x20006098                __fast_end__ = (__fast_start__ + SIZEOF (.fast))
                0x00005438                __fast_load_end__ = (__fast_load_start__ + SIZEOF (.fast))
                0x00005438                __FLASH_segment_used_end__ = (((__data_load_start__ + SIZEOF (.data)) ALIGN 0x4) + SIZEOF (.fast))
                0x00000001                . = ASSERT ((((__fast_load_start__ + SIZEOF (.fast)) >= __FLASH_segment_start__) && ((__fast_load_start__ + SIZEOF (.fast)) <= (__FLASH_segment_start__ + 0x40000))), error: .fast is too large to fit in FLASH memory segment)

.fast_run       0x20006098        0x0
                0x20006098                __fast_run_start__ = .
                0x20006098                . = ((__fast_run_start__ + SIZEOF (.fast)) MAX .)
                0x20006098                __fast_run_end__ = (__fast_run_start__ + SIZEOF (.fast_run))
                0x20006098                __SRAM_segment_used_end__ = ((__stack_process_end__ ALIGN 0x4) + SIZEOF (.fast_run))
                0x00000001                . = ASSERT (((__fast_run_end__ >= __SRAM_segment_start__) && (__fast_run_end__ <= (__SRAM_segment_start__ + 0x10000))), error: .fast_run is too large to fit in SRAM memory segment)
START GROUP
LOAD THUMB Debug/main.o
LOAD THUMB Debug/test.o
LOAD THUMB Debug/system_port.o
LOAD THUMB Debug/debug.o
LOAD THUMB Debug/uart_port.o
LOAD THUMB Debug/LM3S_Startup.o
LOAD THUMB Debug/thumb_crt0.o
LOAD THUMB Debug/list.o
LOAD THUMB Debug/queue.o
LOAD THUMB Debug/tasks.o
LOAD THUMB Debug/heap_2.o
LOAD THUMB Debug/port.o
LOAD THUMB Debug/core_cm3.o
LOAD C:/Users/Gizmor/AppData/Local/Rowley Associates Limited/CrossWorks for ARM/packages/targets/LM3S/lib/libcmsis_v7m_t_le.a
LOAD D:/CrossWorks/ARM/lib/libdebugio_mempoll_v7m_t_le.a
LOAD D:/CrossWorks/ARM/lib/libm_v7m_t_le.a
LOAD D:/CrossWorks/ARM/lib/libc_v7m_t_le.a
LOAD D:/CrossWorks/ARM/lib/libcpp_v7m_t_le.a
LOAD D:/CrossWorks/ARM/lib/libdebugio_v7m_t_le.a
LOAD D:/CrossWorks/ARM/lib/libc_targetio_impl_v7m_t_le.a
LOAD D:/CrossWorks/ARM/lib/lib_vfprintf_double_long_long_v7m_t_le.a
LOAD D:/CrossWorks/ARM/lib/lib_vfscanf_long_v7m_t_le.a
LOAD D:/CrossWorks/ARM/lib/libc_user_libc_v7m_t_le.a
END GROUP
OUTPUT(THUMB Debug/LM3S6965-FreeRTOS-Test.elf elf32-littlearm)

.debug_abbrev   0x00000000      0xb3b
 .debug_abbrev  0x00000000       0x7e THUMB Debug/main.o
 .debug_abbrev  0x0000007e       0x7a THUMB Debug/test.o
 .debug_abbrev  0x000000f8      0x11b THUMB Debug/system_port.o
 .debug_abbrev  0x00000213        0x1 THUMB Debug/debug.o
 .debug_abbrev  0x00000214       0x8d THUMB Debug/uart_port.o
 .debug_abbrev  0x000002a1       0x14 THUMB Debug/LM3S_Startup.o
 .debug_abbrev  0x000002b5       0x14 THUMB Debug/thumb_crt0.o
 .debug_abbrev  0x000002c9       0xbd THUMB Debug/list.o
 .debug_abbrev  0x00000386      0x16b THUMB Debug/queue.o
 .debug_abbrev  0x000004f1      0x17f THUMB Debug/tasks.o
 .debug_abbrev  0x00000670      0x163 THUMB Debug/heap_2.o
 .debug_abbrev  0x000007d3      0x118 THUMB Debug/port.o
 .debug_abbrev  0x000008eb       0x1d THUMB Debug/core_cm3.o
 .debug_abbrev  0x00000908       0x23 D:/CrossWorks/ARM/lib/libm_v7m_t_le.a(pow.o)
 .debug_abbrev  0x0000092b        0x1 D:/CrossWorks/ARM/lib/libm_v7m_t_le.a(__float64_infinity.o)
 .debug_abbrev  0x0000092c       0x23 D:/CrossWorks/ARM/lib/libm_v7m_t_le.a(exp.o)
 .debug_abbrev  0x0000094f       0x23 D:/CrossWorks/ARM/lib/libm_v7m_t_le.a(ldexp.o)
 .debug_abbrev  0x00000972       0x23 D:/CrossWorks/ARM/lib/libm_v7m_t_le.a(log.o)
 .debug_abbrev  0x00000995        0x1 D:/CrossWorks/ARM/lib/libm_v7m_t_le.a(__float64_nan.o)
 .debug_abbrev  0x00000996       0x23 D:/CrossWorks/ARM/lib/libm_v7m_t_le.a(__poly1_eval.o)
 .debug_abbrev  0x000009b9       0x23 D:/CrossWorks/ARM/lib/libm_v7m_t_le.a(__poly_eval.o)
 .debug_abbrev  0x000009dc       0x23 D:/CrossWorks/ARM/lib/libm_v7m_t_le.a(frexp.o)
 .debug_abbrev  0x000009ff       0x23 D:/CrossWorks/ARM/lib/libc_v7m_t_le.a(strcat.o)
 .debug_abbrev  0x00000a22       0x23 D:/CrossWorks/ARM/lib/libc_v7m_t_le.a(strncpy.o)
 .debug_abbrev  0x00000a45       0x23 D:/CrossWorks/ARM/lib/libc_v7m_t_le.a(sprintf.o)
 .debug_abbrev  0x00000a68       0x23 D:/CrossWorks/ARM/lib/libdebugio_v7m_t_le.a(debug_printf.o)
 .debug_abbrev  0x00000a8b       0x23 D:/CrossWorks/ARM/lib/lib_vfprintf_double_long_long_v7m_t_le.a(__vfprintf_double_long_long.o)
 .debug_abbrev  0x00000aae       0x23 D:/CrossWorks/ARM/lib/libc_user_libc_v7m_t_le.a(user_libc.o)
 .debug_abbrev  0x00000ad1       0x23 D:/CrossWorks/ARM/lib/libdebugio_mempoll_v7m_t_le.a(mempoll_debug_operations.o)
 .debug_abbrev  0x00000af4       0x23 D:/CrossWorks/ARM/lib/libc_v7m_t_le.a(abs.o)
 .debug_abbrev  0x00000b17       0x23 D:/CrossWorks/ARM/lib/libc_v7m_t_le.a(__pow10.o)
 .debug_abbrev  0x00000b3a        0x1 D:/CrossWorks/ARM/lib/libc_v7m_t_le.a(__hex_lc_uc.o)

.debug_info     0x00000000     0x2bbc
 .debug_info    0x00000000       0xda THUMB Debug/main.o
 .debug_info    0x000000da       0xf2 THUMB Debug/test.o
 .debug_info    0x000001cc      0x490 THUMB Debug/system_port.o
 .debug_info    0x0000065c        0x0 THUMB Debug/debug.o
 .debug_info    0x0000065c      0x101 THUMB Debug/uart_port.o
 .debug_info    0x0000075d       0xaf THUMB Debug/LM3S_Startup.o
 .debug_info    0x0000080c       0xad THUMB Debug/thumb_crt0.o
 .debug_info    0x000008b9      0x275 THUMB Debug/list.o
 .debug_info    0x00000b2e      0x88e THUMB Debug/queue.o
 .debug_info    0x000013bc      0xf68 THUMB Debug/tasks.o
 .debug_info    0x00002324      0x296 THUMB Debug/heap_2.o
 .debug_info    0x000025ba      0x1c0 THUMB Debug/port.o
 .debug_info    0x0000277a       0x5a THUMB Debug/core_cm3.o
 .debug_info    0x000027d4       0x32 D:/CrossWorks/ARM/lib/libm_v7m_t_le.a(pow.o)
 .debug_info    0x00002806        0x0 D:/CrossWorks/ARM/lib/libm_v7m_t_le.a(__float64_infinity.o)
 .debug_info    0x00002806       0x32 D:/CrossWorks/ARM/lib/libm_v7m_t_le.a(exp.o)
 .debug_info    0x00002838       0x32 D:/CrossWorks/ARM/lib/libm_v7m_t_le.a(ldexp.o)
 .debug_info    0x0000286a       0x32 D:/CrossWorks/ARM/lib/libm_v7m_t_le.a(log.o)
 .debug_info    0x0000289c        0x0 D:/CrossWorks/ARM/lib/libm_v7m_t_le.a(__float64_nan.o)
 .debug_info    0x0000289c       0x32 D:/CrossWorks/ARM/lib/libm_v7m_t_le.a(__poly1_eval.o)
 .debug_info    0x000028ce       0x32 D:/CrossWorks/ARM/lib/libm_v7m_t_le.a(__poly_eval.o)
 .debug_info    0x00002900       0x32 D:/CrossWorks/ARM/lib/libm_v7m_t_le.a(frexp.o)
 .debug_info    0x00002932       0x32 D:/CrossWorks/ARM/lib/libc_v7m_t_le.a(strcat.o)
 .debug_info    0x00002964       0x32 D:/CrossWorks/ARM/lib/libc_v7m_t_le.a(strncpy.o)
 .debug_info    0x00002996       0x32 D:/CrossWorks/ARM/lib/libc_v7m_t_le.a(sprintf.o)
 .debug_info    0x000029c8       0x32 D:/CrossWorks/ARM/lib/libdebugio_v7m_t_le.a(debug_printf.o)
 .debug_info    0x000029fa       0x6e D:/CrossWorks/ARM/lib/lib_vfprintf_double_long_long_v7m_t_le.a(__vfprintf_double_long_long.o)
 .debug_info    0x00002a68       0xc0 D:/CrossWorks/ARM/lib/libc_user_libc_v7m_t_le.a(user_libc.o)
 .debug_info    0x00002b28       0x32 D:/CrossWorks/ARM/lib/libdebugio_mempoll_v7m_t_le.a(mempoll_debug_operations.o)
 .debug_info    0x00002b5a       0x30 D:/CrossWorks/ARM/lib/libc_v7m_t_le.a(abs.o)
 .debug_info    0x00002b8a       0x32 D:/CrossWorks/ARM/lib/libc_v7m_t_le.a(__pow10.o)
 .debug_info    0x00002bbc        0x0 D:/CrossWorks/ARM/lib/libc_v7m_t_le.a(__hex_lc_uc.o)

.debug_line     0x00000000     0x181e
 .debug_line    0x00000000      0x101 THUMB Debug/main.o
 .debug_line    0x00000101      0x13f THUMB Debug/test.o
 .debug_line    0x00000240      0x1d5 THUMB Debug/system_port.o
 .debug_line    0x00000415        0x0 THUMB Debug/debug.o
 .debug_line    0x00000415      0x10c THUMB Debug/uart_port.o
 .debug_line    0x00000521       0xb3 THUMB Debug/LM3S_Startup.o
 .debug_line    0x000005d4       0xcb THUMB Debug/thumb_crt0.o
 .debug_line    0x0000069f      0x16a THUMB Debug/list.o
 .debug_line    0x00000809      0x2c9 THUMB Debug/queue.o
 .debug_line    0x00000ad2      0x36b THUMB Debug/tasks.o
 .debug_line    0x00000e3d       0xe7 THUMB Debug/heap_2.o
 .debug_line    0x00000f24      0x127 THUMB Debug/port.o
 .debug_line    0x0000104b       0x1d THUMB Debug/core_cm3.o
 .debug_line    0x00001068       0x79 D:/CrossWorks/ARM/lib/libm_v7m_t_le.a(pow.o)
 .debug_line    0x000010e1        0x0 D:/CrossWorks/ARM/lib/libm_v7m_t_le.a(__float64_infinity.o)
 .debug_line    0x000010e1       0x79 D:/CrossWorks/ARM/lib/libm_v7m_t_le.a(exp.o)
 .debug_line    0x0000115a       0x7b D:/CrossWorks/ARM/lib/libm_v7m_t_le.a(ldexp.o)
 .debug_line    0x000011d5       0x79 D:/CrossWorks/ARM/lib/libm_v7m_t_le.a(log.o)
 .debug_line    0x0000124e        0x0 D:/CrossWorks/ARM/lib/libm_v7m_t_le.a(__float64_nan.o)
 .debug_line    0x0000124e       0x82 D:/CrossWorks/ARM/lib/libm_v7m_t_le.a(__poly1_eval.o)
 .debug_line    0x000012d0       0x81 D:/CrossWorks/ARM/lib/libm_v7m_t_le.a(__poly_eval.o)
 .debug_line    0x00001351       0x7b D:/CrossWorks/ARM/lib/libm_v7m_t_le.a(frexp.o)
 .debug_line    0x000013cc       0x77 D:/CrossWorks/ARM/lib/libc_v7m_t_le.a(strcat.o)
 .debug_line    0x00001443       0x78 D:/CrossWorks/ARM/lib/libc_v7m_t_le.a(strncpy.o)
 .debug_line    0x000014bb       0x78 D:/CrossWorks/ARM/lib/libc_v7m_t_le.a(sprintf.o)
 .debug_line    0x00001533       0x7d D:/CrossWorks/ARM/lib/libdebugio_v7m_t_le.a(debug_printf.o)
 .debug_line    0x000015b0       0x7b D:/CrossWorks/ARM/lib/lib_vfprintf_double_long_long_v7m_t_le.a(__vfprintf_double_long_long.o)
 .debug_line    0x0000162b       0x7a D:/CrossWorks/ARM/lib/libc_user_libc_v7m_t_le.a(user_libc.o)
 .debug_line    0x000016a5       0x8d D:/CrossWorks/ARM/lib/libdebugio_mempoll_v7m_t_le.a(mempoll_debug_operations.o)
 .debug_line    0x00001732       0x74 D:/CrossWorks/ARM/lib/libc_v7m_t_le.a(abs.o)
 .debug_line    0x000017a6       0x78 D:/CrossWorks/ARM/lib/libc_v7m_t_le.a(__pow10.o)
 .debug_line    0x0000181e        0x0 D:/CrossWorks/ARM/lib/libc_v7m_t_le.a(__hex_lc_uc.o)

.debug_frame    0x00000000     0x15cc
 .debug_frame   0x00000000       0x3c THUMB Debug/main.o
 .debug_frame   0x0000003c       0x68 THUMB Debug/test.o
 .debug_frame   0x000000a4       0xb8 THUMB Debug/system_port.o
 .debug_frame   0x0000015c       0x48 THUMB Debug/uart_port.o
 .debug_frame   0x000001a4       0xd8 THUMB Debug/list.o
 .debug_frame   0x0000027c      0x374 THUMB Debug/queue.o
 .debug_frame   0x000005f0      0x694 THUMB Debug/tasks.o
 .debug_frame   0x00000c84       0xb0 THUMB Debug/heap_2.o
 .debug_frame   0x00000d34      0x16c THUMB Debug/port.o
 .debug_frame   0x00000ea0       0x20 D:/CrossWorks/ARM/lib/libm_v7m_t_le.a(__uint32_to_float32.o)
 .debug_frame   0x00000ec0       0x20 D:/CrossWorks/ARM/lib/libm_v7m_t_le.a(__uint32_to_float64.o)
 .debug_frame   0x00000ee0       0x20 D:/CrossWorks/ARM/lib/libm_v7m_t_le.a(__float64_to_uint32.o)
 .debug_frame   0x00000f00       0x20 D:/CrossWorks/ARM/lib/libm_v7m_t_le.a(__float32_to_float64.o)
 .debug_frame   0x00000f20       0x20 D:/CrossWorks/ARM/lib/libm_v7m_t_le.a(__float64_to_float32.o)
 .debug_frame   0x00000f40       0x20 D:/CrossWorks/ARM/lib/libm_v7m_t_le.a(__float64_add.o)
 .debug_frame   0x00000f60       0x20 D:/CrossWorks/ARM/lib/libm_v7m_t_le.a(__float64_mul.o)
 .debug_frame   0x00000f80       0x20 D:/CrossWorks/ARM/lib/libm_v7m_t_le.a(__float64_div.o)
 .debug_frame   0x00000fa0       0x3c D:/CrossWorks/ARM/lib/libm_v7m_t_le.a(pow.o)
 .debug_frame   0x00000fdc       0x20 D:/CrossWorks/ARM/lib/libm_v7m_t_le.a(__int32_to_float32.o)
 .debug_frame   0x00000ffc       0x20 D:/CrossWorks/ARM/lib/libm_v7m_t_le.a(__int32_to_float64.o)
 .debug_frame   0x0000101c       0x20 D:/CrossWorks/ARM/lib/libm_v7m_t_le.a(__float64_to_int32.o)
 .debug_frame   0x0000103c       0x20 D:/CrossWorks/ARM/lib/libm_v7m_t_le.a(__float64_cmp.o)
 .debug_frame   0x0000105c       0x20 D:/CrossWorks/ARM/lib/libm_v7m_t_le.a(fabs.o)
 .debug_frame   0x0000107c       0x3c D:/CrossWorks/ARM/lib/libm_v7m_t_le.a(exp.o)
 .debug_frame   0x000010b8       0x34 D:/CrossWorks/ARM/lib/libm_v7m_t_le.a(ldexp.o)
 .debug_frame   0x000010ec       0x4c D:/CrossWorks/ARM/lib/libm_v7m_t_le.a(log.o)
 .debug_frame   0x00001138       0x20 D:/CrossWorks/ARM/lib/libm_v7m_t_le.a(__float64_isnan.o)
 .debug_frame   0x00001158       0x3c D:/CrossWorks/ARM/lib/libm_v7m_t_le.a(__poly1_eval.o)
 .debug_frame   0x00001194       0x38 D:/CrossWorks/ARM/lib/libm_v7m_t_le.a(__poly_eval.o)
 .debug_frame   0x000011cc       0x34 D:/CrossWorks/ARM/lib/libm_v7m_t_le.a(frexp.o)
 .debug_frame   0x00001200       0x20 D:/CrossWorks/ARM/lib/libc_v7m_t_le.a(memcpy.o)
 .debug_frame   0x00001220       0x20 D:/CrossWorks/ARM/lib/libc_v7m_t_le.a(memset.o)
 .debug_frame   0x00001240       0x2c D:/CrossWorks/ARM/lib/libc_v7m_t_le.a(strcat.o)
 .debug_frame   0x0000126c       0x2c D:/CrossWorks/ARM/lib/libc_v7m_t_le.a(strncpy.o)
 .debug_frame   0x00001298       0x44 D:/CrossWorks/ARM/lib/libc_v7m_t_le.a(sprintf.o)
 .debug_frame   0x000012dc       0x40 D:/CrossWorks/ARM/lib/libdebugio_v7m_t_le.a(debug_printf.o)
 .debug_frame   0x0000131c       0xac D:/CrossWorks/ARM/lib/lib_vfprintf_double_long_long_v7m_t_le.a(__vfprintf_double_long_long.o)
 .debug_frame   0x000013c8       0xa0 D:/CrossWorks/ARM/lib/libc_user_libc_v7m_t_le.a(user_libc.o)
 .debug_frame   0x00001468       0x30 D:/CrossWorks/ARM/lib/libdebugio_mempoll_v7m_t_le.a(mempoll_debug_operations.o)
 .debug_frame   0x00001498       0x20 D:/CrossWorks/ARM/lib/libm_v7m_t_le.a(__uint64_to_float64.o)
 .debug_frame   0x000014b8       0x20 D:/CrossWorks/ARM/lib/libm_v7m_t_le.a(__float64_to_uint64.o)
 .debug_frame   0x000014d8       0x20 D:/CrossWorks/ARM/lib/libm_v7m_t_le.a(__float64_isinf.o)
 .debug_frame   0x000014f8       0x20 D:/CrossWorks/ARM/lib/libm_v7m_t_le.a(__int64_to_float64.o)
 .debug_frame   0x00001518       0x20 D:/CrossWorks/ARM/lib/libc_v7m_t_le.a(__int64_umod.o)
 .debug_frame   0x00001538       0x20 D:/CrossWorks/ARM/lib/libc_v7m_t_le.a(__int64_udivmod.o)
 .debug_frame   0x00001558       0x20 D:/CrossWorks/ARM/lib/libc_v7m_t_le.a(strlen.o)
 .debug_frame   0x00001578       0x20 D:/CrossWorks/ARM/lib/libc_v7m_t_le.a(abs.o)
 .debug_frame   0x00001598       0x34 D:/CrossWorks/ARM/lib/libc_v7m_t_le.a(__pow10.o)

.debug_loc      0x00000000     0x13b0
 .debug_loc     0x00000000       0x37 THUMB Debug/main.o
 .debug_loc     0x00000037       0x6e THUMB Debug/test.o
 .debug_loc     0x000000a5       0xd0 THUMB Debug/system_port.o
 .debug_loc     0x00000175       0x37 THUMB Debug/uart_port.o
 .debug_loc     0x000001ac      0x113 THUMB Debug/list.o
 .debug_loc     0x000002bf      0x44c THUMB Debug/queue.o
 .debug_loc     0x0000070b      0x825 THUMB Debug/tasks.o
 .debug_loc     0x00000f30       0xc4 THUMB Debug/heap_2.o
 .debug_loc     0x00000ff4      0x170 THUMB Debug/port.o
 .debug_loc     0x00001164       0x1f D:/CrossWorks/ARM/lib/libm_v7m_t_le.a(pow.o)
 .debug_loc     0x00001183       0x1f D:/CrossWorks/ARM/lib/libm_v7m_t_le.a(exp.o)
 .debug_loc     0x000011a2       0x1f D:/CrossWorks/ARM/lib/libm_v7m_t_le.a(ldexp.o)
 .debug_loc     0x000011c1       0x2b D:/CrossWorks/ARM/lib/libm_v7m_t_le.a(log.o)
 .debug_loc     0x000011ec       0x1f D:/CrossWorks/ARM/lib/libm_v7m_t_le.a(__poly1_eval.o)
 .debug_loc     0x0000120b       0x1f D:/CrossWorks/ARM/lib/libm_v7m_t_le.a(__poly_eval.o)
 .debug_loc     0x0000122a       0x1f D:/CrossWorks/ARM/lib/libm_v7m_t_le.a(frexp.o)
 .debug_loc     0x00001249       0x1f D:/CrossWorks/ARM/lib/libc_v7m_t_le.a(strcat.o)
 .debug_loc     0x00001268       0x1f D:/CrossWorks/ARM/lib/libc_v7m_t_le.a(strncpy.o)
 .debug_loc     0x00001287       0x37 D:/CrossWorks/ARM/lib/libc_v7m_t_le.a(sprintf.o)
 .debug_loc     0x000012be       0x2b D:/CrossWorks/ARM/lib/libdebugio_v7m_t_le.a(debug_printf.o)
 .debug_loc     0x000012e9       0x89 D:/CrossWorks/ARM/lib/lib_vfprintf_double_long_long_v7m_t_le.a(__vfprintf_double_long_long.o)
 .debug_loc     0x00001372       0x1f D:/CrossWorks/ARM/lib/libdebugio_mempoll_v7m_t_le.a(mempoll_debug_operations.o)
 .debug_loc     0x00001391       0x1f D:/CrossWorks/ARM/lib/libc_v7m_t_le.a(__pow10.o)

.debug_pubnames
                0x00000000      0xa44
 .debug_pubnames
                0x00000000       0x1b THUMB Debug/main.o
 .debug_pubnames
                0x0000001b       0x33 THUMB Debug/test.o
 .debug_pubnames
                0x0000004e       0xd4 THUMB Debug/system_port.o
 .debug_pubnames
                0x00000122       0x24 THUMB Debug/uart_port.o
 .debug_pubnames
                0x00000146       0x71 THUMB Debug/list.o
 .debug_pubnames
                0x000001b7      0x18c THUMB Debug/queue.o
 .debug_pubnames
                0x00000343      0x2e0 THUMB Debug/tasks.o
 .debug_pubnames
                0x00000623       0x64 THUMB Debug/heap_2.o
 .debug_pubnames
                0x00000687      0x10d THUMB Debug/port.o
 .debug_pubnames
                0x00000794       0x1a D:/CrossWorks/ARM/lib/libm_v7m_t_le.a(pow.o)
 .debug_pubnames
                0x000007ae       0x1a D:/CrossWorks/ARM/lib/libm_v7m_t_le.a(exp.o)
 .debug_pubnames
                0x000007c8       0x1c D:/CrossWorks/ARM/lib/libm_v7m_t_le.a(ldexp.o)
 .debug_pubnames
                0x000007e4       0x1a D:/CrossWorks/ARM/lib/libm_v7m_t_le.a(log.o)
 .debug_pubnames
                0x000007fe       0x23 D:/CrossWorks/ARM/lib/libm_v7m_t_le.a(__poly1_eval.o)
 .debug_pubnames
                0x00000821       0x22 D:/CrossWorks/ARM/lib/libm_v7m_t_le.a(__poly_eval.o)
 .debug_pubnames
                0x00000843       0x1c D:/CrossWorks/ARM/lib/libm_v7m_t_le.a(frexp.o)
 .debug_pubnames
                0x0000085f       0x1d D:/CrossWorks/ARM/lib/libc_v7m_t_le.a(strcat.o)
 .debug_pubnames
                0x0000087c       0x1e D:/CrossWorks/ARM/lib/libc_v7m_t_le.a(strncpy.o)
 .debug_pubnames
                0x0000089a       0x1e D:/CrossWorks/ARM/lib/libc_v7m_t_le.a(sprintf.o)
 .debug_pubnames
                0x000008b8       0x23 D:/CrossWorks/ARM/lib/libdebugio_v7m_t_le.a(debug_printf.o)
 .debug_pubnames
                0x000008db       0x52 D:/CrossWorks/ARM/lib/lib_vfprintf_double_long_long_v7m_t_le.a(__vfprintf_double_long_long.o)
 .debug_pubnames
                0x0000092d       0xb4 D:/CrossWorks/ARM/lib/libc_user_libc_v7m_t_le.a(user_libc.o)
 .debug_pubnames
                0x000009e1       0x2b D:/CrossWorks/ARM/lib/libdebugio_mempoll_v7m_t_le.a(mempoll_debug_operations.o)
 .debug_pubnames
                0x00000a0c       0x1a D:/CrossWorks/ARM/lib/libc_v7m_t_le.a(abs.o)
 .debug_pubnames
                0x00000a26       0x1e D:/CrossWorks/ARM/lib/libc_v7m_t_le.a(__pow10.o)

.debug_aranges  0x00000000      0x360
 .debug_aranges
                0x00000000       0x20 THUMB Debug/main.o
 .debug_aranges
                0x00000020       0x20 THUMB Debug/test.o
 .debug_aranges
                0x00000040       0x20 THUMB Debug/system_port.o
 .debug_aranges
                0x00000060       0x20 THUMB Debug/uart_port.o
 .debug_aranges
                0x00000080       0x20 THUMB Debug/LM3S_Startup.o
 .debug_aranges
                0x000000a0       0x20 THUMB Debug/thumb_crt0.o
 .debug_aranges
                0x000000c0       0x20 THUMB Debug/list.o
 .debug_aranges
                0x000000e0       0x20 THUMB Debug/queue.o
 .debug_aranges
                0x00000100       0x20 THUMB Debug/tasks.o
 .debug_aranges
                0x00000120       0x20 THUMB Debug/heap_2.o
 .debug_aranges
                0x00000140       0x20 THUMB Debug/port.o
 .debug_aranges
                0x00000160       0x20 D:/CrossWorks/ARM/lib/libm_v7m_t_le.a(pow.o)
 .debug_aranges
                0x00000180       0x20 D:/CrossWorks/ARM/lib/libm_v7m_t_le.a(exp.o)
 .debug_aranges
                0x000001a0       0x20 D:/CrossWorks/ARM/lib/libm_v7m_t_le.a(ldexp.o)
 .debug_aranges
                0x000001c0       0x20 D:/CrossWorks/ARM/lib/libm_v7m_t_le.a(log.o)
 .debug_aranges
                0x000001e0       0x20 D:/CrossWorks/ARM/lib/libm_v7m_t_le.a(__poly1_eval.o)
 .debug_aranges
                0x00000200       0x20 D:/CrossWorks/ARM/lib/libm_v7m_t_le.a(__poly_eval.o)
 .debug_aranges
                0x00000220       0x20 D:/CrossWorks/ARM/lib/libm_v7m_t_le.a(frexp.o)
 .debug_aranges
                0x00000240       0x20 D:/CrossWorks/ARM/lib/libc_v7m_t_le.a(strcat.o)
 .debug_aranges
                0x00000260       0x20 D:/CrossWorks/ARM/lib/libc_v7m_t_le.a(strncpy.o)
 .debug_aranges
                0x00000280       0x20 D:/CrossWorks/ARM/lib/libc_v7m_t_le.a(sprintf.o)
 .debug_aranges
                0x000002a0       0x20 D:/CrossWorks/ARM/lib/libdebugio_v7m_t_le.a(debug_printf.o)
 .debug_aranges
                0x000002c0       0x20 D:/CrossWorks/ARM/lib/lib_vfprintf_double_long_long_v7m_t_le.a(__vfprintf_double_long_long.o)
 .debug_aranges
                0x000002e0       0x20 D:/CrossWorks/ARM/lib/libc_user_libc_v7m_t_le.a(user_libc.o)
 .debug_aranges
                0x00000300       0x20 D:/CrossWorks/ARM/lib/libdebugio_mempoll_v7m_t_le.a(mempoll_debug_operations.o)
 .debug_aranges
                0x00000320       0x20 D:/CrossWorks/ARM/lib/libc_v7m_t_le.a(abs.o)
 .debug_aranges
                0x00000340       0x20 D:/CrossWorks/ARM/lib/libc_v7m_t_le.a(__pow10.o)

.debug_str      0x00000000     0x1b7e
 .debug_str     0x00000000      0x124 THUMB Debug/main.o
                                0x153 (size before relaxing)
 .debug_str     0x00000124       0xbb THUMB Debug/test.o
                                0x10f (size before relaxing)
 .debug_str     0x000001df      0x1bf THUMB Debug/system_port.o
                                0x2ce (size before relaxing)
 .debug_str     0x0000039e       0x88 THUMB Debug/uart_port.o
                                0x144 (size before relaxing)
 .debug_str     0x00000426      0x16b THUMB Debug/list.o
                                0x1b3 (size before relaxing)
 .debug_str     0x00000591      0x3fd THUMB Debug/queue.o
                                0x51c (size before relaxing)
 .debug_str     0x0000098e      0x7cf THUMB Debug/tasks.o
                                0x959 (size before relaxing)
 .debug_str     0x0000115d      0x190 THUMB Debug/heap_2.o
                                0x20b (size before relaxing)
 .debug_str     0x000012ed      0x169 THUMB Debug/port.o
                                0x1d5 (size before relaxing)
 .debug_str     0x00001456       0x5e THUMB Debug/core_cm3.o
                                 0xe1 (size before relaxing)
 .debug_str     0x000014b4       0x59 D:/CrossWorks/ARM/lib/libm_v7m_t_le.a(pow.o)
                                 0x65 (size before relaxing)
 .debug_str     0x0000150d       0x59 D:/CrossWorks/ARM/lib/libm_v7m_t_le.a(exp.o)
                                 0x65 (size before relaxing)
 .debug_str     0x00001566       0x61 D:/CrossWorks/ARM/lib/libm_v7m_t_le.a(ldexp.o)
                                 0x6d (size before relaxing)
 .debug_str     0x000015c7       0x59 D:/CrossWorks/ARM/lib/libm_v7m_t_le.a(log.o)
                                 0x65 (size before relaxing)
 .debug_str     0x00001620       0x6f D:/CrossWorks/ARM/lib/libm_v7m_t_le.a(__poly1_eval.o)
                                 0x7b (size before relaxing)
 .debug_str     0x0000168f       0x6d D:/CrossWorks/ARM/lib/libm_v7m_t_le.a(__poly_eval.o)
                                 0x79 (size before relaxing)
 .debug_str     0x000016fc       0x61 D:/CrossWorks/ARM/lib/libm_v7m_t_le.a(frexp.o)
                                 0x6d (size before relaxing)
 .debug_str     0x0000175d       0x5e D:/CrossWorks/ARM/lib/libc_v7m_t_le.a(strcat.o)
                                 0x6a (size before relaxing)
 .debug_str     0x000017bb       0x60 D:/CrossWorks/ARM/lib/libc_v7m_t_le.a(strncpy.o)
                                 0x6c (size before relaxing)
 .debug_str     0x0000181b       0x60 D:/CrossWorks/ARM/lib/libc_v7m_t_le.a(sprintf.o)
                                 0x6c (size before relaxing)
 .debug_str     0x0000187b       0x6a D:/CrossWorks/ARM/lib/libdebugio_v7m_t_le.a(debug_printf.o)
                                 0x76 (size before relaxing)
 .debug_str     0x000018e5       0x8b D:/CrossWorks/ARM/lib/lib_vfprintf_double_long_long_v7m_t_le.a(__vfprintf_double_long_long.o)
                                 0x97 (size before relaxing)
 .debug_str     0x00001970       0xd8 D:/CrossWorks/ARM/lib/libc_user_libc_v7m_t_le.a(user_libc.o)
                                 0xe4 (size before relaxing)
 .debug_str     0x00001a48       0x82 D:/CrossWorks/ARM/lib/libdebugio_mempoll_v7m_t_le.a(mempoll_debug_operations.o)
                                 0x8e (size before relaxing)
 .debug_str     0x00001aca       0x54 D:/CrossWorks/ARM/lib/libc_v7m_t_le.a(abs.o)
                                 0x60 (size before relaxing)
 .debug_str     0x00001b1e       0x60 D:/CrossWorks/ARM/lib/libc_v7m_t_le.a(__pow10.o)
                                 0x6c (size before relaxing)

.comment        0x00000000       0x11
 .comment       0x00000000       0x11 THUMB Debug/main.o
                                 0x12 (size before relaxing)
 .comment       0x00000000       0x12 THUMB Debug/test.o
 .comment       0x00000000       0x12 THUMB Debug/system_port.o
 .comment       0x00000000       0x12 THUMB Debug/debug.o
 .comment       0x00000000       0x12 THUMB Debug/uart_port.o
 .comment       0x00000000       0x12 THUMB Debug/list.o
 .comment       0x00000000       0x12 THUMB Debug/queue.o
 .comment       0x00000000       0x12 THUMB Debug/tasks.o
 .comment       0x00000000       0x12 THUMB Debug/heap_2.o
 .comment       0x00000000       0x12 THUMB Debug/port.o
 .comment       0x00000000       0x12 THUMB Debug/core_cm3.o
 .comment       0x00000000       0x12 D:/CrossWorks/ARM/lib/libm_v7m_t_le.a(pow.o)
 .comment       0x00000000       0x12 D:/CrossWorks/ARM/lib/libm_v7m_t_le.a(__float64_infinity.o)
 .comment       0x00000000       0x12 D:/CrossWorks/ARM/lib/libm_v7m_t_le.a(exp.o)
 .comment       0x00000000       0x12 D:/CrossWorks/ARM/lib/libm_v7m_t_le.a(ldexp.o)
 .comment       0x00000000       0x12 D:/CrossWorks/ARM/lib/libm_v7m_t_le.a(log.o)
 .comment       0x00000000       0x12 D:/CrossWorks/ARM/lib/libm_v7m_t_le.a(__float64_nan.o)
 .comment       0x00000000       0x12 D:/CrossWorks/ARM/lib/libm_v7m_t_le.a(__poly1_eval.o)
 .comment       0x00000000       0x12 D:/CrossWorks/ARM/lib/libm_v7m_t_le.a(__poly_eval.o)
 .comment       0x00000000       0x12 D:/CrossWorks/ARM/lib/libm_v7m_t_le.a(frexp.o)
 .comment       0x00000000       0x12 D:/CrossWorks/ARM/lib/libc_v7m_t_le.a(strcat.o)
 .comment       0x00000000       0x12 D:/CrossWorks/ARM/lib/libc_v7m_t_le.a(strncpy.o)
 .comment       0x00000000       0x12 D:/CrossWorks/ARM/lib/libc_v7m_t_le.a(sprintf.o)
 .comment       0x00000000       0x12 D:/CrossWorks/ARM/lib/libdebugio_v7m_t_le.a(debug_printf.o)
 .comment       0x00000000       0x12 D:/CrossWorks/ARM/lib/lib_vfprintf_double_long_long_v7m_t_le.a(__vfprintf_double_long_long.o)
 .comment       0x00000000       0x12 D:/CrossWorks/ARM/lib/libc_user_libc_v7m_t_le.a(user_libc.o)
 .comment       0x00000000       0x12 D:/CrossWorks/ARM/lib/libdebugio_mempoll_v7m_t_le.a(mempoll_debug_operations.o)
 .comment       0x00000000       0x12 D:/CrossWorks/ARM/lib/libc_v7m_t_le.a(abs.o)
 .comment       0x00000000       0x12 D:/CrossWorks/ARM/lib/libc_v7m_t_le.a(__pow10.o)
 .comment       0x00000000       0x12 D:/CrossWorks/ARM/lib/libc_v7m_t_le.a(__hex_lc_uc.o)

.ARM.attributes
                0x00000000       0x10
 .ARM.attributes
                0x00000000       0x10 THUMB Debug/main.o
 .ARM.attributes
                0x00000010       0x10 THUMB Debug/test.o
 .ARM.attributes
                0x00000020       0x10 THUMB Debug/system_port.o
 .ARM.attributes
                0x00000030       0x10 THUMB Debug/debug.o
 .ARM.attributes
                0x00000040       0x10 THUMB Debug/uart_port.o
 .ARM.attributes
                0x00000050       0x10 THUMB Debug/LM3S_Startup.o
 .ARM.attributes
                0x00000060       0x10 THUMB Debug/thumb_crt0.o
 .ARM.attributes
                0x00000070       0x10 THUMB Debug/list.o
 .ARM.attributes
                0x00000080       0x10 THUMB Debug/queue.o
 .ARM.attributes
                0x00000090       0x10 THUMB Debug/tasks.o
 .ARM.attributes
                0x000000a0       0x10 THUMB Debug/heap_2.o
 .ARM.attributes
                0x000000b0       0x10 THUMB Debug/port.o
 .ARM.attributes
                0x000000c0       0x10 THUMB Debug/core_cm3.o
 .ARM.attributes
                0x000000d0       0x10 D:/CrossWorks/ARM/lib/libm_v7m_t_le.a(__uint32_to_float32.o)
 .ARM.attributes
                0x000000e0       0x10 D:/CrossWorks/ARM/lib/libm_v7m_t_le.a(__uint32_to_float64.o)
 .ARM.attributes
                0x000000f0       0x10 D:/CrossWorks/ARM/lib/libm_v7m_t_le.a(__float64_to_uint32.o)
 .ARM.attributes
                0x00000100       0x10 D:/CrossWorks/ARM/lib/libm_v7m_t_le.a(__float32_to_float64.o)
 .ARM.attributes
                0x00000110       0x10 D:/CrossWorks/ARM/lib/libm_v7m_t_le.a(__float64_to_float32.o)
 .ARM.attributes
                0x00000120       0x10 D:/CrossWorks/ARM/lib/libm_v7m_t_le.a(__float64_add.o)
 .ARM.attributes
                0x00000130       0x10 D:/CrossWorks/ARM/lib/libm_v7m_t_le.a(__float64_mul.o)
 .ARM.attributes
                0x00000140       0x10 D:/CrossWorks/ARM/lib/libm_v7m_t_le.a(__float64_div.o)
 .ARM.attributes
                0x00000150       0x10 D:/CrossWorks/ARM/lib/libm_v7m_t_le.a(pow.o)
 .ARM.attributes
                0x00000160       0x10 D:/CrossWorks/ARM/lib/libm_v7m_t_le.a(__int32_to_float32.o)
 .ARM.attributes
                0x00000170       0x10 D:/CrossWorks/ARM/lib/libm_v7m_t_le.a(__int32_to_float64.o)
 .ARM.attributes
                0x00000180       0x10 D:/CrossWorks/ARM/lib/libm_v7m_t_le.a(__float64_to_int32.o)
 .ARM.attributes
                0x00000190       0x10 D:/CrossWorks/ARM/lib/libm_v7m_t_le.a(__float64_cmp.o)
 .ARM.attributes
                0x000001a0       0x10 D:/CrossWorks/ARM/lib/libm_v7m_t_le.a(fabs.o)
 .ARM.attributes
                0x000001b0       0x10 D:/CrossWorks/ARM/lib/libm_v7m_t_le.a(__float64_infinity.o)
 .ARM.attributes
                0x000001c0       0x10 D:/CrossWorks/ARM/lib/libm_v7m_t_le.a(exp.o)
 .ARM.attributes
                0x000001d0       0x10 D:/CrossWorks/ARM/lib/libm_v7m_t_le.a(ldexp.o)
 .ARM.attributes
                0x000001e0       0x10 D:/CrossWorks/ARM/lib/libm_v7m_t_le.a(log.o)
 .ARM.attributes
                0x000001f0       0x10 D:/CrossWorks/ARM/lib/libm_v7m_t_le.a(__float64_isnan.o)
 .ARM.attributes
                0x00000200       0x10 D:/CrossWorks/ARM/lib/libm_v7m_t_le.a(__float64_nan.o)
 .ARM.attributes
                0x00000210       0x10 D:/CrossWorks/ARM/lib/libm_v7m_t_le.a(__poly1_eval.o)
 .ARM.attributes
                0x00000220       0x10 D:/CrossWorks/ARM/lib/libm_v7m_t_le.a(__poly_eval.o)
 .ARM.attributes
                0x00000230       0x10 D:/CrossWorks/ARM/lib/libm_v7m_t_le.a(frexp.o)
 .ARM.attributes
                0x00000240       0x10 D:/CrossWorks/ARM/lib/libc_v7m_t_le.a(memcpy.o)
 .ARM.attributes
                0x00000250       0x10 D:/CrossWorks/ARM/lib/libc_v7m_t_le.a(memset.o)
 .ARM.attributes
                0x00000260       0x10 D:/CrossWorks/ARM/lib/libc_v7m_t_le.a(strcat.o)
 .ARM.attributes
                0x00000270       0x10 D:/CrossWorks/ARM/lib/libc_v7m_t_le.a(strncpy.o)
 .ARM.attributes
                0x00000280       0x10 D:/CrossWorks/ARM/lib/libc_v7m_t_le.a(sprintf.o)
 .ARM.attributes
                0x00000290       0x10 D:/CrossWorks/ARM/lib/libdebugio_v7m_t_le.a(debug_printf.o)
 .ARM.attributes
                0x000002a0       0x10 D:/CrossWorks/ARM/lib/lib_vfprintf_double_long_long_v7m_t_le.a(__vfprintf_double_long_long.o)
 .ARM.attributes
                0x000002b0       0x10 D:/CrossWorks/ARM/lib/libc_user_libc_v7m_t_le.a(user_libc.o)
 .ARM.attributes
                0x000002c0       0x10 D:/CrossWorks/ARM/lib/libdebugio_mempoll_v7m_t_le.a(mempoll_debug_operations.o)
 .ARM.attributes
                0x000002d0       0x10 D:/CrossWorks/ARM/lib/libm_v7m_t_le.a(__uint64_to_float64.o)
 .ARM.attributes
                0x000002e0       0x10 D:/CrossWorks/ARM/lib/libm_v7m_t_le.a(__float64_to_uint64.o)
 .ARM.attributes
                0x000002f0       0x10 D:/CrossWorks/ARM/lib/libm_v7m_t_le.a(__float64_isinf.o)
 .ARM.attributes
                0x00000300       0x10 D:/CrossWorks/ARM/lib/libm_v7m_t_le.a(__int64_to_float64.o)
 .ARM.attributes
                0x00000310       0x10 D:/CrossWorks/ARM/lib/libc_v7m_t_le.a(__int64_umod.o)
 .ARM.attributes
                0x00000320       0x10 D:/CrossWorks/ARM/lib/libc_v7m_t_le.a(__int64_udivmod.o)
 .ARM.attributes
                0x00000330       0x10 D:/CrossWorks/ARM/lib/libc_v7m_t_le.a(strlen.o)
 .ARM.attributes
                0x00000340       0x10 D:/CrossWorks/ARM/lib/libc_v7m_t_le.a(abs.o)
 .ARM.attributes
                0x00000350       0x10 D:/CrossWorks/ARM/lib/libc_v7m_t_le.a(__pow10.o)
 .ARM.attributes
                0x00000360       0x10 D:/CrossWorks/ARM/lib/libc_v7m_t_le.a(__hex_lc_uc.o)
